Microchip MPLAB XC8 Compiler V2.41

Linker command line:

-W-3 \
  --edf=C:\Program Files\Microchip\xc8\v2.41\pic\dat\20230208172133_en.msgs \
  -cn \
  -h+dist/default/debug\MiniProjeto_PedroFerreira_BernardoSantos.X.debug.sym \
  --cmf=dist/default/debug\MiniProjeto_PedroFerreira_BernardoSantos.X.debug.cmf \
  -z -Q18F46K22 -oC:\Users\pedro\AppData\Local\Temp\xcAsdik.\driver_tmp_3.o \
  --defsym=__MPLAB_BUILD=1 --fixupoverflow=error \
  -Mdist/default/debug/MiniProjeto_PedroFerreira_BernardoSantos.X.debug.map \
  --md=C:\Users\pedro\AppData\Local\Temp\xcAsdik.\driver_tmp_0.dat -E1 \
  -ver=XC8 Compiler --acfsm=1493 -ACODE=00h-0FFFFh -ACONST=00h-0FFFFh \
  -ASMALLCONST=01000h-010FFhx240 -AMEDIUMCONST=01000h-0FFFFh \
  -ACOMRAM=01h-05Fh -AABS1=00h-0F37h -ABIGRAM=01h-0F37h \
  -ARAM=060h-0FFh,0100h-01FFhx14,0F00h-0F37h -ABANK0=060h-0FFh \
  -ABANK1=0100h-01FFh -ABANK2=0200h-02FFh -ABANK3=0300h-03FFh \
  -ABANK4=0400h-04FFh -ABANK5=0500h-05FFh -ABANK6=0600h-06FFh \
  -ABANK7=0700h-07FFh -ABANK8=0800h-08FFh -ABANK9=0900h-09FFh \
  -ABANK10=0A00h-0AFFh -ABANK11=0B00h-0BFFh -ABANK12=0C00h-0CFFh \
  -ABANK13=0D00h-0DFFh -ABANK14=0E00h-0EFFh -ABANK15=0F00h-0F37h \
  -ASFR=0F38h-0F5Fh,0F60h-0FFFh -ABIGSFR=0F38h-0FFFh \
  -ACONFIG=0300000h-030000Dh -AIDLOC=0200000h-0200007h \
  -AEEDATA=0F00000h-0F003FFh -peeprom_data=EEDATA \
  -preset_vec=00h,intcode=08h,intcodelo=018h,powerup,init -pramtop=01000h \
  -psmallconst=SMALLCONST -pmediumconst=MEDIUMCONST -pconst=CONST \
  -AFARRAM=00h-00h \
  -prdata=COMRAM,nvrram=COMRAM,nvbit=COMRAM,rbss=COMRAM,rbit=COMRAM \
  -pfarbss=FARRAM,fardata=FARRAM,nvFARRAM=FARRAM \
  -pintsave_regs=BIGRAM,bigbss=BIGRAM,bigdata=BIGRAM -pbss=RAM \
  -pidata=CODE,irdata=CODE,ibigdata=CODE,ifardata=CODE -prparam=COMRAM \
  C:\Users\pedro\AppData\Local\Temp\xcAsdik.\driver_tmp_14.o \
  dist/default/debug\MiniProjeto_PedroFerreira_BernardoSantos.X.debug.o 

Object code version is 3.11

Machine type is 18F46K22



                Name                               Link     Load   Length Selector   Space Scale
C:\Users\pedro\AppData\Local\Temp\xcAsdik.\driver_tmp_14.o
                idloc                            200000   200000        8        0       5
                config                           300000   300000        E        0       4
                init                                 66       66        4        C       0
                reset_vec                             0        0        4        0       0
dist/default/debug\MiniProjeto_PedroFerreira_BernardoSantos.X.debug.o
                intcodelo                            18       18       4E        C       0
                intcode                               8        8        6        4       0
                idloc                            200000   200000        8        0       5
                config                           300000   300000        E        0       4
                temp                                 5F       5F        1        1       1
                mediumconst                        CE8C     CE8C     3174     6746       0
                text110                            3B10     3B10       14        C       0
                text109                            3AE2     3AE2       18        C       0
                text108                            1082     1082      39A        C       0
                text107                             4A0      4A0      42A        C       0
                text106                            2592     2592      106        C       0
                text105                            18E0     18E0      1B4        C       0
                text104                            2EBE     2EBE       8A        C       0
                text103                            3C20     3C20        2     1E00       0
                text102                            37B4     37B4       30        C       0
                text101                            38F6     38F6       2C        C       0
                text100                            3BF4     3BF4        6        C       0
                text99                             3C1E     3C1E        2     1E00       0
                text98                             3BEE     3BEE        6        C       0
                text97                             2C9E     2C9E       C0        C       0
                text96                             35BC     35BC       42        C       0
                text95                             3B64     3B64        E        C       0
                text94                             3C1C     3C1C        2     1E00       0
                text93                             389C     389C       2E        C       0
                text92                             3BE0     3BE0        8        C       0
                text91                             3C10     3C10        4     1E00       0
                text90                             1F2C     1F2C      166        C       0
                text89                             3146     3146       74        C       0
                text88                             39EA     39EA       26        C       0
                text87                             34AA     34AA       48        C       0
                text86                             3C1A     3C1A        2     1E00       0
                text85                             371E     371E       34        C       0
                text84                             36E8     36E8       36        C       0
                text83                             3C18     3C18        2     1E00       0
                text82                             399C     399C       28        C       0
                text81                             363A     363A       3C        C       0
                text80                             35FE     35FE       3C        C       0
                text79                             3C16     3C16        2     1E00       0
                text78                             3784     3784       30        C       0
                intcode_body                       2092     2092      15C        C       0
                text76                             386E     386E       2E        C       0
                text75                             3C14     3C14        2     1E00       0
                text74                             3840     3840       2E        C       0
                text73                             3922     3922       2A        C       0
                text71                             32DE     32DE       52        C       0
                text70                             3284     3284       5A        C       0
                text69                             3ACA     3ACA       18        C       0
                text68                             3050     3050       80        C       0
                text67                             3A96     3A96       1C        C       0
                text66                             3A78     3A78       1E        C       0
                text65                             3AB2     3AB2       18        C       0
                text64                             33CC     33CC       4E        C       0
                text63                             337E     337E       4E        C       0
                text62                             357A     357A       42        C       0
                text61                             1C36     1C36      18A        C       0
                text60                             2336     2336      132        C       0
                text59                             288C     288C       E8        C       0
                text58                             2BD8     2BD8       C6        C       0
                text57                             2D5E     2D5E       B2        C       0
                text56                             3538     3538       42        C       0
                text55                             3B56     3B56        E        C       0
                text54                             2A42     2A42       CC        C       0
                text53                             3462     3462       48        C       0
                text52                             3676     3676       3A        C       0
                text51                             2B0E     2B0E       CA        C       0
                text50                             1A94     1A94      1A2        C       0
                text49                             3974     3974       28        C       0
                text48                             2974     2974       CE        C       0
                text47                             30D0     30D0       76        C       0
                text46                             31BA     31BA       66        C       0
                text45                             2698     2698       FE        C       0
                text44                              CD4      CD4      3AE        C       0
                text43                             3220     3220       64        C       0
                text42                             2468     2468      12A        C       0
                text41                             16CE     16CE      212        C       0
                text40                             3752     3752       32        C       0
                text39                             1DC0     1DC0      16C        C       0
                text38                             141C     141C      2B2        C       0
                text37                             2E10     2E10       AE        C       0
                text36                             3BD6     3BD6        A        C       0
                text35                             39C4     39C4       26        C       0
                text34                             3BCC     3BCC        A        C       0
                text33                             3BC2     3BC2        A        C       0
                text32                             3BB8     3BB8        A        C       0
                text31                             3BAE     3BAE        A        C       0
                text30                             3BA4     3BA4        A        C       0
                text29                             2FD0     2FD0       80        C       0
                text28                             3B9A     3B9A        A        C       0
                text27                             3AFA     3AFA       16        C       0
                text26                             3B36     3B36       12        C       0
                text25                             3B48     3B48        E        C       0
                text24                             34F2     34F2       46        C       0
                text23                             3B24     3B24       12        C       0
                text22                             3B90     3B90        A        C       0
                text21                             3A34     3A34       24        C       0
                text20                             3B86     3B86        A        C       0
                text19                             38CA     38CA       2C        C       0
                text18                             3B7C     3B7C        A        C       0
                text17                             3A58     3A58       20        C       0
                text16                             3B72     3B72        A        C       0
                text15                             3A10     3A10       24        C       0
                text14                             3812     3812       2E        C       0
                text13                             37E4     37E4       2E        C       0
                text12                             341A     341A       48        C       0
                text11                             21EE     21EE      148        C       0
                text10                             394C     394C       28        C       0
                text9                               8CA      8CA      40A        C       0
                text8                              3C0C     3C0C        4     1E00       0
                text7                              3C08     3C08        4     1E00       0
                text6                              3C04     3C04        4     1E00       0
                text5                              3C00     3C00        4     1E00       0
                text4                              3BE8     3BE8        6        C       0
                text3                              2F48     2F48       88        C       0
                text2                              36B0     36B0       38        C       0
                text1                                6A       6A      436        C       0
                text0                              2796     2796       F6        C       0
                cstackCOMRAM                          1        1       50        1       1
                cstackBANK0                          60       60       56       60       1
                cstackBANK1                         162      162       12      100       1
                bssBANK1                            100      100       62      100       1
                dataBANK0                            E8       E8        5       60       1
                bssBANK0                             B6       B6       26       60       1
                bssCOMRAM                            51       51        E        1       1
                cinit                              3330     3330       4E        C       0
                nvBANK1                             174      174        A      100       1
                nvBANK0                              DC       DC        C       60       1
                idataBANK0                         3BFA     3BFA        5        C       0

TOTAL           Name                               Link     Load   Length     Space
        CLASS   CODE           
                intcodelo                            18       18       4E         0
                intcode                               8        8        6         0
                init                                 66       66        4         0
                reset_vec                             0        0        4         0
                text110                            3B10     3B10       14         0
                text109                            3AE2     3AE2       18         0
                text108                            1082     1082      39A         0
                text107                             4A0      4A0      42A         0
                text106                            2592     2592      106         0
                text105                            18E0     18E0      1B4         0
                text104                            2EBE     2EBE       8A         0
                text103                            3C20     3C20        2         0
                text102                            37B4     37B4       30         0
                text101                            38F6     38F6       2C         0
                text100                            3BF4     3BF4        6         0
                text99                             3C1E     3C1E        2         0
                text98                             3BEE     3BEE        6         0
                text97                             2C9E     2C9E       C0         0
                text96                             35BC     35BC       42         0
                text95                             3B64     3B64        E         0
                text94                             3C1C     3C1C        2         0
                text93                             389C     389C       2E         0
                text92                             3BE0     3BE0        8         0
                text91                             3C10     3C10        4         0
                text90                             1F2C     1F2C      166         0
                text89                             3146     3146       74         0
                text88                             39EA     39EA       26         0
                text87                             34AA     34AA       48         0
                text86                             3C1A     3C1A        2         0
                text85                             371E     371E       34         0
                text84                             36E8     36E8       36         0
                text83                             3C18     3C18        2         0
                text82                             399C     399C       28         0
                text81                             363A     363A       3C         0
                text80                             35FE     35FE       3C         0
                text79                             3C16     3C16        2         0
                text78                             3784     3784       30         0
                intcode_body                       2092     2092      15C         0
                text76                             386E     386E       2E         0
                text75                             3C14     3C14        2         0
                text74                             3840     3840       2E         0
                text73                             3922     3922       2A         0
                text71                             32DE     32DE       52         0
                text70                             3284     3284       5A         0
                text69                             3ACA     3ACA       18         0
                text68                             3050     3050       80         0
                text67                             3A96     3A96       1C         0
                text66                             3A78     3A78       1E         0
                text65                             3AB2     3AB2       18         0
                text64                             33CC     33CC       4E         0
                text63                             337E     337E       4E         0
                text62                             357A     357A       42         0
                text61                             1C36     1C36      18A         0
                text60                             2336     2336      132         0
                text59                             288C     288C       E8         0
                text58                             2BD8     2BD8       C6         0
                text57                             2D5E     2D5E       B2         0
                text56                             3538     3538       42         0
                text55                             3B56     3B56        E         0
                text54                             2A42     2A42       CC         0
                text53                             3462     3462       48         0
                text52                             3676     3676       3A         0
                text51                             2B0E     2B0E       CA         0
                text50                             1A94     1A94      1A2         0
                text49                             3974     3974       28         0
                text48                             2974     2974       CE         0
                text47                             30D0     30D0       76         0
                text46                             31BA     31BA       66         0
                text45                             2698     2698       FE         0
                text44                              CD4      CD4      3AE         0
                text43                             3220     3220       64         0
                text42                             2468     2468      12A         0
                text41                             16CE     16CE      212         0
                text40                             3752     3752       32         0
                text39                             1DC0     1DC0      16C         0
                text38                             141C     141C      2B2         0
                text37                             2E10     2E10       AE         0
                text36                             3BD6     3BD6        A         0
                text35                             39C4     39C4       26         0
                text34                             3BCC     3BCC        A         0
                text33                             3BC2     3BC2        A         0
                text32                             3BB8     3BB8        A         0
                text31                             3BAE     3BAE        A         0
                text30                             3BA4     3BA4        A         0
                text29                             2FD0     2FD0       80         0
                text28                             3B9A     3B9A        A         0
                text27                             3AFA     3AFA       16         0
                text26                             3B36     3B36       12         0
                text25                             3B48     3B48        E         0
                text24                             34F2     34F2       46         0
                text23                             3B24     3B24       12         0
                text22                             3B90     3B90        A         0
                text21                             3A34     3A34       24         0
                text20                             3B86     3B86        A         0
                text19                             38CA     38CA       2C         0
                text18                             3B7C     3B7C        A         0
                text17                             3A58     3A58       20         0
                text16                             3B72     3B72        A         0
                text15                             3A10     3A10       24         0
                text14                             3812     3812       2E         0
                text13                             37E4     37E4       2E         0
                text12                             341A     341A       48         0
                text11                             21EE     21EE      148         0
                text10                             394C     394C       28         0
                text9                               8CA      8CA      40A         0
                text8                              3C0C     3C0C        4         0
                text7                              3C08     3C08        4         0
                text6                              3C04     3C04        4         0
                text5                              3C00     3C00        4         0
                text4                              3BE8     3BE8        6         0
                text3                              2F48     2F48       88         0
                text2                              36B0     36B0       38         0
                text1                                6A       6A      436         0
                text0                              2796     2796       F6         0
                cinit                              3330     3330       4E         0
                idataBANK0                         3BFA     3BFA        5         0

        CLASS   CONST          

        CLASS   SMALLCONST     

        CLASS   MEDIUMCONST    
                mediumconst                        CE8C     CE8C     3174         0

        CLASS   COMRAM         
                temp                                 5F       5F        1         1
                cstackCOMRAM                          1        1       50         1
                bssCOMRAM                            51       51        E         1

        CLASS   ABS1           

        CLASS   BIGRAM         

        CLASS   RAM            

        CLASS   BANK0          
                cstackBANK0                          60       60       56         1
                dataBANK0                            E8       E8        5         1
                bssBANK0                             B6       B6       26         1
                nvBANK0                              DC       DC        C         1

        CLASS   BANK1          
                cstackBANK1                         162      162       12         1
                bssBANK1                            100      100       62         1
                nvBANK1                             174      174        A         1

        CLASS   BANK2          

        CLASS   BANK3          

        CLASS   BANK4          

        CLASS   BANK5          

        CLASS   BANK6          

        CLASS   BANK7          

        CLASS   BANK8          

        CLASS   BANK9          

        CLASS   BANK10         

        CLASS   BANK11         

        CLASS   BANK12         

        CLASS   BANK13         

        CLASS   BANK14         

        CLASS   BANK15         

        CLASS   SFR            

        CLASS   BIGSFR         

        CLASS   CONFIG         
                config                           300000   300000        E         4

        CLASS   IDLOC          
                idloc                            200000   200000        8         5

        CLASS   EEDATA         

        CLASS   FARRAM         

        CLASS   HEAP           

        CLASS   STACK          



SEGMENTS        Name                           Load    Length   Top    Selector   Space  Class

                reset_vec                      000000  000004  000004         0       0  CODE    
                cstackCOMRAM                   000001  00005F  000060         1       1  COMRAM  
                intcode                        000008  000006  00000E         4       0  CODE    
                intcodelo                      000018  003BE7  003BFF         C       0  CODE    
                cstackBANK0                    000060  00008D  0000ED        60       1  BANK0   
                bssBANK1                       000100  00007E  00017E       100       1  BANK1   
                text5                          003C00  000022  003C22      1E00       0  CODE    
                mediumconst                    00CE8C  003174  010000      6746       0  MEDIUMCO


UNUSED ADDRESS RANGES

        Name                Unused          Largest block    Delta
        BANK0            0000ED-0000FF               13
        BANK1            00017E-0001FF               82
        BANK10           000A00-000AFF              100
        BANK11           000B00-000BFF              100
        BANK12           000C00-000CFF              100
        BANK13           000D00-000DFF              100
        BANK14           000E00-000EFF              100
        BANK15           000F00-000F37               38
        BANK2            000200-0002FF              100
        BANK3            000300-0003FF              100
        BANK4            000400-0004FF              100
        BANK5            000500-0005FF              100
        BANK6            000600-0006FF              100
        BANK7            000700-0007FF              100
        BANK8            000800-0008FF              100
        BANK9            000900-0009FF              100
        BIGRAM           0000ED-0000FF               13
                         00017E-000F37              DBA
        BIGSFR           000F38-000FFF               C8
        CODE             000004-000007                4
                         00000E-000017                A
                         003BFF-003BFF                1
                         003C22-00CE8B             926A
        CONST            000004-000007                4
                         00000E-000017                A
                         003BFF-003BFF                1
                         003C22-00CE8B             926A
        EEDATA           F00000-F003FF              400
        MEDIUMCONST      003BFF-003BFF                1
                         003C22-00CE8B             926A
        RAM              0000ED-0000FF               13
                         00017E-000F37              100
        SFR              000F38-000FFF               28
        SMALLCONST       003BFF-003BFF                1
                         003C22-00CE8B              100

                                  Symbol Table

?_ADC_GetConversionResult                       cstackCOMRAM 000001
?_CheckSensores                                 cstackCOMRAM 000001
?___awdiv                                       cstackBANK0  000066
?___awmod                                       cstackBANK0  000066
?___fldiv                                       cstackCOMRAM 000028
?___flmul                                       cstackCOMRAM 00000F
?___fltol                                       cstackCOMRAM 000041
?___lwdiv                                       cstackBANK0  00006C
?___lwmod                                       cstackBANK0  000066
?___wmul                                        cstackBANK0  000066
?___xxtofl                                      cstackCOMRAM 000001
?_abs                                           cstackBANK0  00006C
?_atoi                                          cstackBANK0  00006C
?_dtoa                                          cstackBANK0  000083
?_isdigit                                       cstackBANK0  000066
?_isspace                                       cstackBANK0  000066
?_pad                                           cstackBANK0  000078
?_printf                                        cstackBANK0  0000A7
?_read_prec_or_width                            cstackBANK0  00006C
?_snprintf                                      cstackBANK0  0000A7
?_strlen                                        cstackBANK0  000066
?_utoa                                          cstackBANK0  000083
?_vfpfcnvrt                                     cstackBANK0  000090
?_vfprintf                                      cstackBANK0  00009F
?i2___lwdiv                                     cstackCOMRAM 000007
?i2___wmul                                      cstackCOMRAM 000001
ADC_SelectChannel@channel                       cstackCOMRAM 000002
ADC_SetInterruptHandler@InterruptHandler        cstackBANK0  000066
CheckSensores@getValueFuncs                     cstackCOMRAM 000005
CheckSensores@i                                 cstackCOMRAM 00001B
CheckSensores@nivel_agua                        cstackCOMRAM 000019
Draw_Interface_Screen@barra_agua                cstackBANK0  0000B2
Draw_Interface_Screen@barra_referencia          cstackBANK0  0000B4
EUSART1_Read@readValue                          cstackBANK0  000066
EUSART1_SetErrorHandler@interruptHandler        cstackBANK0  000066
EUSART1_SetFramingErrorHandler@interruptHandler cstackBANK0  000066
EUSART1_SetOverrunErrorHandler@interruptHandler cstackBANK0  000066
EUSART1_SetRxInterruptHandler@interruptHandler  cstackBANK0  000066
EUSART1_SetTxInterruptHandler@interruptHandler  cstackBANK0  000066
EUSART1_Write@txData                            cstackBANK0  000066
INT0_SetInterruptHandler@InterruptHandler       cstackBANK0  000066
SPI2_ExchangeByte@data                          cstackBANK0  000066
SPI2_Open@spi2UniqueConfiguration               cstackBANK0  000067
TMR0_SetInterruptHandler@InterruptHandler       cstackBANK0  000066
TMR1_SetInterruptHandler@InterruptHandler       cstackBANK0  000066
TMR1_WriteTimer@timerVal                        cstackCOMRAM 000001
TMR2_MyInterruptHandler@erro_nivel              cstackCOMRAM 000001
TMR2_SetInterruptHandler@InterruptHandler       cstackBANK0  000066
TMR6_ISR@CountCallBack                          bssCOMRAM    000059
TMR6_SetInterruptHandler@InterruptHandler       cstackBANK0  000066
_ADCON0                                         (abs)        000FC2
_ADCON0bits                                     (abs)        000FC2
_ADCON1                                         (abs)        000FC1
_ADCON2                                         (abs)        000FC0
_ADC_DefaultInterruptHandler                    text103      003C20
_ADC_GetConversionResult                        text110      003B10
_ADC_ISR                                        text102      0037B4
_ADC_Initialize                                 text35       0039C4
_ADC_InterruptHandler                           nvBANK0      0000E6
_ADC_MyInterruptHandler                         text104      002EBE
_ADC_SelectChannel                              text109      003AE2
_ADC_SetInterruptHandler                        text36       003BD6
_ADC_StartConversion                            text91       003C10
_ADRESH                                         (abs)        000FC4
_ADRESL                                         (abs)        000FC3
_ANSELA                                         (abs)        000F38
_ANSELB                                         (abs)        000F39
_ANSELC                                         (abs)        000F3A
_ANSELD                                         (abs)        000F3B
_ANSELE                                         (abs)        000F3C
_BAUDCON1                                       (abs)        000FB8
_BombaLigada                                    bssBANK0     0000CF
_BuzzerLigado                                   bssCOMRAM    00005D
_CheckSensores                                  text90       001F2C
_CheckUSART                                     text68       003050
_Draw_Interface_Screen                          text41       0016CE
_Draw_Welcome_Screen                            text38       00141C
_EUSART1_DefaultErrorHandler                    text100      003BF4
_EUSART1_DefaultFramingErrorHandler             text99       003C1E
_EUSART1_DefaultOverrunErrorHandler             text98       003BEE
_EUSART1_ErrorHandler                           nvBANK1      000174
_EUSART1_FramingErrorHandler                    nvBANK1      000178
_EUSART1_Initialize                             text29       002FD0
_EUSART1_OverrunErrorHandler                    nvBANK1      000176
_EUSART1_Read                                   text71       0032DE
_EUSART1_Receive_ISR                            text97       002C9E
_EUSART1_RxDataHandler                          text101      0038F6
_EUSART1_RxDefaultInterruptHandler              nvBANK1      00017A
_EUSART1_SetErrorHandler                        text34       003BCC
_EUSART1_SetFramingErrorHandler                 text33       003BC2
_EUSART1_SetOverrunErrorHandler                 text32       003BB8
_EUSART1_SetRxInterruptHandler                  text31       003BAE
_EUSART1_SetTxInterruptHandler                  text30       003BA4
_EUSART1_Transmit_ISR                           text96       0035BC
_EUSART1_TxDefaultInterruptHandler              nvBANK1      00017C
_EUSART1_Write                                  text70       003284
_EUSART1_is_rx_ready                            text69       003ACA
_EXT_INT_Initialize                             text27       003AFA
_INT0_CallBack                                  text93       00389C
_INT0_DefaultInterruptHandler                   text94       003C1C
_INT0_ISR                                       text92       003BE0
_INT0_InterruptHandler                          nvBANK0      0000E4
_INT0_MyInterruptHandler                        text95       003B64
_INT0_SetInterruptHandler                       text28       003B9A
_INTCON2bits                                    (abs)        000FF1
_INTCONbits                                     (abs)        000FF2
_INTERRUPT_Initialize                           text26       003B36
_INTERRUPT_InterruptManagerHigh                 intcode      000008
_INTERRUPT_InterruptManagerLow                  intcodelo    000018
_IPL80x80                                       mediumconst  00CE8D
_IPR1bits                                       (abs)        000F9F
_IPR5bits                                       (abs)        000F7F
_LATA                                           (abs)        000F89
_LATB                                           (abs)        000F8A
_LATBbits                                       (abs)        000F8A
_LATC                                           (abs)        000F8B
_LATD                                           (abs)        000F8C
_LATE                                           (abs)        000F8D
_LATEbits                                       (abs)        000F8D
_MecanismoControlo                              bssBANK0     0000CE
_OSCCON                                         (abs)        000FD3
_OSCCON2                                        (abs)        000FD2
_OSCILLATOR_Initialize                          text25       003B48
_OSCTUNE                                        (abs)        000F9B
_PIE1bits                                       (abs)        000F9D
_PIE5bits                                       (abs)        000F7D
_PIN_MANAGER_Initialize                         text24       0034F2
_PIR1bits                                       (abs)        000F9E
_PIR3bits                                       (abs)        000FA4
_PIR5bits                                       (abs)        000F7E
_PORTCbits                                      (abs)        000F82
_PORTDbits                                      (abs)        000F83
_PR2                                            (abs)        000FBB
_PR6                                            (abs)        000F4B
_RCONbits                                       (abs)        000FD0
_RCREG1                                         (abs)        000FAE
_RCSTA1                                         (abs)        000FAB
_RCSTA1bits                                     (abs)        000FAB
_SPBRG1                                         (abs)        000FAF
_SPBRGH1                                        (abs)        000FB0
_SPI2_ExchangeByte                              text67       003A96
_SPI2_Initialize                                text23       003B24
_SPI2_Open                                      text37       002E10
_SSP2ADD                                        (abs)        000F6E
_SSP2BUF                                        (abs)        000F6F
_SSP2CON1                                       (abs)        000F6C
_SSP2CON1bits                                   (abs)        000F6C
_SSP2CON2                                       (abs)        000F6B
_SSP2STAT                                       (abs)        000F6D
_SSPBUF                                         (abs)        000FC9
_SSPSTATbits                                    (abs)        000FC7
_SYSTEM_Initialize                              text14       003812
_ShowMenuInTerminal                             text9        0008CA
_SistemaControloLigado                          bssBANK0     0000D0
_T0CON                                          (abs)        000FD5
_T0CONbits                                      (abs)        000FD5
_T1CON                                          (abs)        000FCD
_T1CONbits                                      (abs)        000FCD
_T1GCON                                         (abs)        000FCC
_T1GCONbits                                     (abs)        000FCC
_T2CON                                          (abs)        000FBA
_T2CONbits                                      (abs)        000FBA
_T6CON                                          (abs)        000F4A
_T6CONbits                                      (abs)        000F4A
_TMR0H                                          (abs)        000FD7
_TMR0L                                          (abs)        000FD6
_TMR0_DefaultInterruptHandler                   text86       003C1A
_TMR0_ISR                                       text85       00371E
_TMR0_Initialize                                text21       003A34
_TMR0_InterruptHandler                          nvBANK0      0000E2
_TMR0_MyInterruptHandler                        text87       0034AA
_TMR0_SetInterruptHandler                       text22       003B90
_TMR0_StartTimer                                text8        003C0C
_TMR1                                           (abs)        000FCE
_TMR1H                                          (abs)        000FCF
_TMR1L                                          (abs)        000FCE
_TMR1_DefaultInterruptHandler                   text83       003C18
_TMR1_ISR                                       text81       00363A
_TMR1_Initialize                                text19       0038CA
_TMR1_InterruptHandler                          nvBANK0      0000E0
_TMR1_MyInterruptHandler                        text84       0036E8
_TMR1_SetInterruptHandler                       text20       003B86
_TMR1_StartTimer                                text7        003C08
_TMR1_StopTimer                                 text6        003C04
_TMR1_WriteTimer                                text82       00399C
_TMR2                                           (abs)        000FBC
_TMR2_DefaultInterruptHandler                   text79       003C16
_TMR2_ISR                                       text78       003784
_TMR2_Initialize                                text17       003A58
_TMR2_InterruptHandler                          nvBANK0      0000DC
_TMR2_MyInterruptHandler                        text80       0035FE
_TMR2_SetInterruptHandler                       text18       003B7C
_TMR2_StartTimer                                text5        003C00
_TMR6                                           (abs)        000F4C
_TMR6_CallBack                                  text74       003840
_TMR6_DefaultInterruptHandler                   text75       003C14
_TMR6_ISR                                       text73       003922
_TMR6_Initialize                                text15       003A10
_TMR6_InterruptHandler                          nvBANK0      0000DE
_TMR6_MyInterruptHandler                        text76       00386E
_TMR6_SetInterruptHandler                       text16       003B72
_TMR6_StartTimer                                text4        003BE8
_TRISA                                          (abs)        000F92
_TRISB                                          (abs)        000F93
_TRISC                                          (abs)        000F94
_TRISD                                          (abs)        000F95
_TRISDbits                                      (abs)        000F95
_TRISE                                          (abs)        000F96
_TXREG1                                         (abs)        000FAD
_TXSTA1                                         (abs)        000FAC
_TXSTA1bits                                     (abs)        000FAC
_UpdateLCD                                      dataBANK0    0000EC
_WPUB                                           (abs)        000F61
__HRAM                                          (abs)        000000
__H__absolute__                                 __absolute__ 000000
__Habs1                                         abs1         000000
__Hbank0                                        bank0        000000
__Hbank1                                        bank1        000000
__Hbank10                                       bank10       000000
__Hbank11                                       bank11       000000
__Hbank12                                       bank12       000000
__Hbank13                                       bank13       000000
__Hbank14                                       bank14       000000
__Hbank15                                       bank15       000000
__Hbank2                                        bank2        000000
__Hbank3                                        bank3        000000
__Hbank4                                        bank4        000000
__Hbank5                                        bank5        000000
__Hbank6                                        bank6        000000
__Hbank7                                        bank7        000000
__Hbank8                                        bank8        000000
__Hbank9                                        bank9        000000
__Hbigbss                                       bigbss       000000
__Hbigdata                                      bigdata      000000
__Hbigram                                       bigram       000000
__Hbigsfr                                       bigsfr       000000
__Hbss                                          bss          000000
__HbssBANK0                                     bssBANK0     000000
__HbssBANK1                                     bssBANK1     000000
__HbssCOMRAM                                    bssCOMRAM    000000
__Hcinit                                        cinit        000000
__Hclrtext                                      clrtext      000000
__Hcomram                                       comram       000000
__Hconfig                                       config       30000E
__Hconst                                        const        000000
__HcstackBANK0                                  cstackBANK0  000000
__HcstackBANK1                                  cstackBANK1  000000
__HcstackCOMRAM                                 cstackCOMRAM 000000
__Hdata                                         data         000000
__HdataBANK0                                    dataBANK0    000000
__Heeprom_data                                  eeprom_data  000000
__Hfarbss                                       farbss       000000
__Hfardata                                      fardata      000000
__Hheap                                         heap         000000
__Hibigdata                                     ibigdata     000000
__Hidata                                        idata        000000
__HidataBANK0                                   idataBANK0   000000
__Hidloc                                        idloc        200008
__Hifardata                                     ifardata     000000
__Hinit                                         init         00006A
__Hintcode                                      intcode      00000E
__Hintcode_body                                 intcode_body 000000
__Hintcodelo                                    intcodelo    000066
__Hintentry                                     intentry     000000
__Hintret                                       intret       000000
__Hintsave_regs                                 intsave_regs 000000
__Hirdata                                       irdata       000000
__Hmediumconst                                  mediumconst  010000
__HnvBANK0                                      nvBANK0      000000
__HnvBANK1                                      nvBANK1      000000
__HnvFARRAM                                     nvFARRAM     000000
__Hnvbit                                        nvbit        000000
__Hnvrram                                       nvrram       000000
__Hparam                                        rparam       000000
__Hpowerup                                      powerup      000066
__Hram                                          ram          000000
__Hramtop                                       ramtop       001000
__Hrbit                                         rbit         000000
__Hrbss                                         rbss         000000
__Hrdata                                        rdata        000000
__Hreset_vec                                    reset_vec    000004
__Hrparam                                       rparam       000000
__Hsfr                                          sfr          000000
__Hsmallconst                                   smallconst   000000
__Hspace_0                                      (abs)        010000
__Hspace_1                                      (abs)        00017E
__Hspace_2                                      (abs)        000000
__Hspace_4                                      (abs)        60000E
__Hstack                                        stack        000000
__Hstruct                                       struct       000000
__Htemp                                         temp         000060
__Htext                                         text         000000
__Htext0                                        text0        000000
__Htext1                                        text1        000000
__Htext10                                       text10       000000
__Htext100                                      text100      000000
__Htext101                                      text101      000000
__Htext102                                      text102      000000
__Htext103                                      text103      000000
__Htext104                                      text104      000000
__Htext105                                      text105      000000
__Htext106                                      text106      000000
__Htext107                                      text107      000000
__Htext108                                      text108      000000
__Htext109                                      text109      000000
__Htext11                                       text11       000000
__Htext110                                      text110      000000
__Htext111                                      text111      000000
__Htext12                                       text12       000000
__Htext13                                       text13       000000
__Htext14                                       text14       000000
__Htext15                                       text15       000000
__Htext16                                       text16       000000
__Htext17                                       text17       000000
__Htext18                                       text18       000000
__Htext19                                       text19       000000
__Htext2                                        text2        000000
__Htext20                                       text20       000000
__Htext21                                       text21       000000
__Htext22                                       text22       000000
__Htext23                                       text23       000000
__Htext24                                       text24       000000
__Htext25                                       text25       000000
__Htext26                                       text26       000000
__Htext27                                       text27       000000
__Htext28                                       text28       000000
__Htext29                                       text29       000000
__Htext3                                        text3        000000
__Htext30                                       text30       000000
__Htext31                                       text31       000000
__Htext32                                       text32       000000
__Htext33                                       text33       000000
__Htext34                                       text34       000000
__Htext35                                       text35       000000
__Htext36                                       text36       000000
__Htext37                                       text37       000000
__Htext38                                       text38       000000
__Htext39                                       text39       000000
__Htext4                                        text4        000000
__Htext40                                       text40       000000
__Htext41                                       text41       000000
__Htext42                                       text42       000000
__Htext43                                       text43       000000
__Htext44                                       text44       000000
__Htext45                                       text45       000000
__Htext46                                       text46       000000
__Htext47                                       text47       000000
__Htext48                                       text48       000000
__Htext49                                       text49       000000
__Htext5                                        text5        000000
__Htext50                                       text50       000000
__Htext51                                       text51       000000
__Htext52                                       text52       000000
__Htext53                                       text53       000000
__Htext54                                       text54       000000
__Htext55                                       text55       000000
__Htext56                                       text56       000000
__Htext57                                       text57       000000
__Htext58                                       text58       000000
__Htext59                                       text59       000000
__Htext6                                        text6        000000
__Htext60                                       text60       000000
__Htext61                                       text61       000000
__Htext62                                       text62       000000
__Htext63                                       text63       000000
__Htext64                                       text64       000000
__Htext65                                       text65       000000
__Htext66                                       text66       000000
__Htext67                                       text67       000000
__Htext68                                       text68       000000
__Htext69                                       text69       000000
__Htext7                                        text7        000000
__Htext70                                       text70       000000
__Htext71                                       text71       000000
__Htext73                                       text73       000000
__Htext74                                       text74       000000
__Htext75                                       text75       000000
__Htext76                                       text76       000000
__Htext78                                       text78       000000
__Htext79                                       text79       000000
__Htext8                                        text8        000000
__Htext80                                       text80       000000
__Htext81                                       text81       000000
__Htext82                                       text82       000000
__Htext83                                       text83       000000
__Htext84                                       text84       000000
__Htext85                                       text85       000000
__Htext86                                       text86       000000
__Htext87                                       text87       000000
__Htext88                                       text88       000000
__Htext89                                       text89       000000
__Htext9                                        text9        000000
__Htext90                                       text90       000000
__Htext91                                       text91       000000
__Htext92                                       text92       000000
__Htext93                                       text93       000000
__Htext94                                       text94       000000
__Htext95                                       text95       000000
__Htext96                                       text96       000000
__Htext97                                       text97       000000
__Htext98                                       text98       000000
__Htext99                                       text99       000000
__LRAM                                          (abs)        000001
__L__absolute__                                 __absolute__ 000000
__Labs1                                         abs1         000000
__Lbank0                                        bank0        000000
__Lbank1                                        bank1        000000
__Lbank10                                       bank10       000000
__Lbank11                                       bank11       000000
__Lbank12                                       bank12       000000
__Lbank13                                       bank13       000000
__Lbank14                                       bank14       000000
__Lbank15                                       bank15       000000
__Lbank2                                        bank2        000000
__Lbank3                                        bank3        000000
__Lbank4                                        bank4        000000
__Lbank5                                        bank5        000000
__Lbank6                                        bank6        000000
__Lbank7                                        bank7        000000
__Lbank8                                        bank8        000000
__Lbank9                                        bank9        000000
__Lbigbss                                       bigbss       000000
__Lbigdata                                      bigdata      000000
__Lbigram                                       bigram       000000
__Lbigsfr                                       bigsfr       000000
__Lbss                                          bss          000000
__LbssBANK0                                     bssBANK0     000000
__LbssBANK1                                     bssBANK1     000000
__LbssCOMRAM                                    bssCOMRAM    000000
__Lcinit                                        cinit        000000
__Lclrtext                                      clrtext      000000
__Lcomram                                       comram       000000
__Lconfig                                       config       000000
__Lconst                                        const        000000
__LcstackBANK0                                  cstackBANK0  000000
__LcstackBANK1                                  cstackBANK1  000000
__LcstackCOMRAM                                 cstackCOMRAM 000000
__Ldata                                         data         000000
__LdataBANK0                                    dataBANK0    000000
__Leeprom_data                                  eeprom_data  000000
__Lfarbss                                       farbss       000000
__Lfardata                                      fardata      000000
__Lheap                                         heap         000000
__Libigdata                                     ibigdata     000000
__Lidata                                        idata        000000
__LidataBANK0                                   idataBANK0   000000
__Lidloc                                        idloc        000000
__Lifardata                                     ifardata     000000
__Linit                                         init         000066
__Lintcode                                      intcode      000008
__Lintcode_body                                 intcode_body 000000
__Lintcodelo                                    intcodelo    000018
__Lintentry                                     intentry     000000
__Lintret                                       intret       000000
__Lintsave_regs                                 intsave_regs 000000
__Lirdata                                       irdata       000000
__Lmediumconst                                  mediumconst  00CE8C
__LnvBANK0                                      nvBANK0      000000
__LnvBANK1                                      nvBANK1      000000
__LnvFARRAM                                     nvFARRAM     000000
__Lnvbit                                        nvbit        000000
__Lnvrram                                       nvrram       000000
__Lparam                                        rparam       000000
__Lpowerup                                      powerup      000066
__Lram                                          ram          000000
__Lramtop                                       ramtop       001000
__Lrbit                                         rbit         000000
__Lrbss                                         rbss         000000
__Lrdata                                        rdata        000000
__Lreset_vec                                    reset_vec    000000
__Lrparam                                       rparam       000000
__Lsfr                                          sfr          000000
__Lsmallconst                                   smallconst   000000
__Lspace_0                                      (abs)        000000
__Lspace_1                                      (abs)        000000
__Lspace_2                                      (abs)        000000
__Lspace_4                                      (abs)        000000
__Lstack                                        stack        000000
__Lstruct                                       struct       000000
__Ltemp                                         temp         00005F
__Ltext                                         text         000000
__Ltext0                                        text0        000000
__Ltext1                                        text1        000000
__Ltext10                                       text10       000000
__Ltext100                                      text100      000000
__Ltext101                                      text101      000000
__Ltext102                                      text102      000000
__Ltext103                                      text103      000000
__Ltext104                                      text104      000000
__Ltext105                                      text105      000000
__Ltext106                                      text106      000000
__Ltext107                                      text107      000000
__Ltext108                                      text108      000000
__Ltext109                                      text109      000000
__Ltext11                                       text11       000000
__Ltext110                                      text110      000000
__Ltext111                                      text111      000000
__Ltext12                                       text12       000000
__Ltext13                                       text13       000000
__Ltext14                                       text14       000000
__Ltext15                                       text15       000000
__Ltext16                                       text16       000000
__Ltext17                                       text17       000000
__Ltext18                                       text18       000000
__Ltext19                                       text19       000000
__Ltext2                                        text2        000000
__Ltext20                                       text20       000000
__Ltext21                                       text21       000000
__Ltext22                                       text22       000000
__Ltext23                                       text23       000000
__Ltext24                                       text24       000000
__Ltext25                                       text25       000000
__Ltext26                                       text26       000000
__Ltext27                                       text27       000000
__Ltext28                                       text28       000000
__Ltext29                                       text29       000000
__Ltext3                                        text3        000000
__Ltext30                                       text30       000000
__Ltext31                                       text31       000000
__Ltext32                                       text32       000000
__Ltext33                                       text33       000000
__Ltext34                                       text34       000000
__Ltext35                                       text35       000000
__Ltext36                                       text36       000000
__Ltext37                                       text37       000000
__Ltext38                                       text38       000000
__Ltext39                                       text39       000000
__Ltext4                                        text4        000000
__Ltext40                                       text40       000000
__Ltext41                                       text41       000000
__Ltext42                                       text42       000000
__Ltext43                                       text43       000000
__Ltext44                                       text44       000000
__Ltext45                                       text45       000000
__Ltext46                                       text46       000000
__Ltext47                                       text47       000000
__Ltext48                                       text48       000000
__Ltext49                                       text49       000000
__Ltext5                                        text5        000000
__Ltext50                                       text50       000000
__Ltext51                                       text51       000000
__Ltext52                                       text52       000000
__Ltext53                                       text53       000000
__Ltext54                                       text54       000000
__Ltext55                                       text55       000000
__Ltext56                                       text56       000000
__Ltext57                                       text57       000000
__Ltext58                                       text58       000000
__Ltext59                                       text59       000000
__Ltext6                                        text6        000000
__Ltext60                                       text60       000000
__Ltext61                                       text61       000000
__Ltext62                                       text62       000000
__Ltext63                                       text63       000000
__Ltext64                                       text64       000000
__Ltext65                                       text65       000000
__Ltext66                                       text66       000000
__Ltext67                                       text67       000000
__Ltext68                                       text68       000000
__Ltext69                                       text69       000000
__Ltext7                                        text7        000000
__Ltext70                                       text70       000000
__Ltext71                                       text71       000000
__Ltext73                                       text73       000000
__Ltext74                                       text74       000000
__Ltext75                                       text75       000000
__Ltext76                                       text76       000000
__Ltext78                                       text78       000000
__Ltext79                                       text79       000000
__Ltext8                                        text8        000000
__Ltext80                                       text80       000000
__Ltext81                                       text81       000000
__Ltext82                                       text82       000000
__Ltext83                                       text83       000000
__Ltext84                                       text84       000000
__Ltext85                                       text85       000000
__Ltext86                                       text86       000000
__Ltext87                                       text87       000000
__Ltext88                                       text88       000000
__Ltext89                                       text89       000000
__Ltext9                                        text9        000000
__Ltext90                                       text90       000000
__Ltext91                                       text91       000000
__Ltext92                                       text92       000000
__Ltext93                                       text93       000000
__Ltext94                                       text94       000000
__Ltext95                                       text95       000000
__Ltext96                                       text96       000000
__Ltext97                                       text97       000000
__Ltext98                                       text98       000000
__Ltext99                                       text99       000000
__S0                                            (abs)        010000
__S1                                            (abs)        00017E
__S4                                            (abs)        000000
__S5                                            (abs)        000000
___awdiv                                        text58       002BD8
___awdiv@counter                                cstackBANK0  00006A
___awdiv@dividend                               cstackBANK0  000066
___awdiv@divisor                                cstackBANK0  000068
___awdiv@quotient                               cstackBANK0  00006C
___awdiv@sign                                   cstackBANK0  00006B
___awmod                                        text57       002D5E
___awmod@counter                                cstackBANK0  00006A
___awmod@dividend                               cstackBANK0  000066
___awmod@divisor                                cstackBANK0  000068
___awmod@sign                                   cstackBANK0  00006B
___fldiv                                        text108      001082
___fldiv@a                                      cstackCOMRAM 00002C
___fldiv@aexp                                   cstackCOMRAM 000040
___fldiv@b                                      cstackCOMRAM 000028
___fldiv@bexp                                   cstackCOMRAM 00003F
___fldiv@grs                                    cstackCOMRAM 00003B
___fldiv@new_exp                                cstackCOMRAM 000039
___fldiv@rem                                    cstackCOMRAM 000034
___fldiv@sign                                   cstackCOMRAM 000038
___flmul                                        text107      0004A0
___flmul@a                                      cstackCOMRAM 000013
___flmul@aexp                                   cstackCOMRAM 000020
___flmul@b                                      cstackCOMRAM 00000F
___flmul@bexp                                   cstackCOMRAM 000021
___flmul@grs                                    cstackCOMRAM 00001C
___flmul@prod                                   cstackCOMRAM 000022
___flmul@sign                                   cstackCOMRAM 00001B
___flmul@temp                                   cstackCOMRAM 000026
___fltol                                        text106      002592
___fltol@exp1                                   cstackCOMRAM 00004A
___fltol@f1                                     cstackCOMRAM 000041
___fltol@sign1                                  cstackCOMRAM 000049
___heap_hi                                      (abs)        000000
___heap_lo                                      (abs)        000000
___inthi_sp                                     stack        000000
___intlo_sp                                     stack        000000
___lwdiv                                        text47       0030D0
___lwdiv@counter                                cstackBANK0  000070
___lwdiv@dividend                               cstackBANK0  00006C
___lwdiv@divisor                                cstackBANK0  00006E
___lwdiv@quotient                               cstackBANK0  000071
___lwmod                                        text46       0031BA
___lwmod@counter                                cstackBANK0  00006A
___lwmod@dividend                               cstackBANK0  000066
___lwmod@divisor                                cstackBANK0  000068
___param_bank                                   (abs)        000000
___rparam_used                                  (abs)        000001
___sp                                           stack        000000
___wmul                                         text49       003974
___wmul@multiplicand                            cstackBANK0  000068
___wmul@multiplier                              cstackBANK0  000066
___wmul@product                                 cstackBANK0  00006A
___xxtofl                                       text105      0018E0
___xxtofl@arg                                   cstackCOMRAM 00000B
___xxtofl@exp                                   cstackCOMRAM 00000A
___xxtofl@sign                                  cstackCOMRAM 000009
___xxtofl@val                                   cstackCOMRAM 000001
__accesstop                                     (abs)        000060
__activetblptr                                  (abs)        000003
__end_of_ADC_DefaultInterruptHandler            text103      003C22
__end_of_ADC_GetConversionResult                text110      003B24
__end_of_ADC_ISR                                text102      0037E4
__end_of_ADC_Initialize                         text35       0039EA
__end_of_ADC_MyInterruptHandler                 text104      002F48
__end_of_ADC_SelectChannel                      text109      003AFA
__end_of_ADC_SetInterruptHandler                text36       003BE0
__end_of_ADC_StartConversion                    text91       003C14
__end_of_CheckSensores                          text90       002092
__end_of_CheckUSART                             text68       0030D0
__end_of_Draw_Interface_Screen                  text41       0018E0
__end_of_Draw_Welcome_Screen                    text38       0016CE
__end_of_EUSART1_DefaultErrorHandler            text100      003BFA
__end_of_EUSART1_DefaultFramingErrorHandler     text99       003C20
__end_of_EUSART1_DefaultOverrunErrorHandler     text98       003BF4
__end_of_EUSART1_Initialize                     text29       003050
__end_of_EUSART1_Read                           text71       003330
__end_of_EUSART1_Receive_ISR                    text97       002D5E
__end_of_EUSART1_RxDataHandler                  text101      003922
__end_of_EUSART1_SetErrorHandler                text34       003BD6
__end_of_EUSART1_SetFramingErrorHandler         text33       003BCC
__end_of_EUSART1_SetOverrunErrorHandler         text32       003BC2
__end_of_EUSART1_SetRxInterruptHandler          text31       003BB8
__end_of_EUSART1_SetTxInterruptHandler          text30       003BAE
__end_of_EUSART1_Transmit_ISR                   text96       0035FE
__end_of_EUSART1_Write                          text70       0032DE
__end_of_EUSART1_is_rx_ready                    text69       003AE2
__end_of_EXT_INT_Initialize                     text27       003B10
__end_of_INT0_CallBack                          text93       0038CA
__end_of_INT0_DefaultInterruptHandler           text94       003C1E
__end_of_INT0_ISR                               text92       003BE8
__end_of_INT0_MyInterruptHandler                text95       003B72
__end_of_INT0_SetInterruptHandler               text28       003BA4
__end_of_INTERRUPT_Initialize                   text26       003B48
__end_of_INTERRUPT_InterruptManagerHigh         intcode_body 0021EE
__end_of_INTERRUPT_InterruptManagerLow          intcodelo    000066
__end_of_IPL80x80                               mediumconst  00EDCD
__end_of_OSCILLATOR_Initialize                  text25       003B56
__end_of_PIN_MANAGER_Initialize                 text24       003538
__end_of_SPI2_ExchangeByte                      text67       003AB2
__end_of_SPI2_Initialize                        text23       003B36
__end_of_SPI2_Open                              text37       002EBE
__end_of_SYSTEM_Initialize                      text14       003840
__end_of_ShowMenuInTerminal                     text9        000CD4
__end_of_TMR0_DefaultInterruptHandler           text86       003C1C
__end_of_TMR0_ISR                               text85       003752
__end_of_TMR0_Initialize                        text21       003A58
__end_of_TMR0_MyInterruptHandler                text87       0034F2
__end_of_TMR0_SetInterruptHandler               text22       003B9A
__end_of_TMR0_StartTimer                        text8        003C10
__end_of_TMR1_DefaultInterruptHandler           text83       003C1A
__end_of_TMR1_ISR                               text81       003676
__end_of_TMR1_Initialize                        text19       0038F6
__end_of_TMR1_MyInterruptHandler                text84       00371E
__end_of_TMR1_SetInterruptHandler               text20       003B90
__end_of_TMR1_StartTimer                        text7        003C0C
__end_of_TMR1_StopTimer                         text6        003C08
__end_of_TMR1_WriteTimer                        text82       0039C4
__end_of_TMR2_DefaultInterruptHandler           text79       003C18
__end_of_TMR2_ISR                               text78       0037B4
__end_of_TMR2_Initialize                        text17       003A78
__end_of_TMR2_MyInterruptHandler                text80       00363A
__end_of_TMR2_SetInterruptHandler               text18       003B86
__end_of_TMR2_StartTimer                        text5        003C04
__end_of_TMR6_CallBack                          text74       00386E
__end_of_TMR6_DefaultInterruptHandler           text75       003C16
__end_of_TMR6_ISR                               text73       00394C
__end_of_TMR6_Initialize                        text15       003A34
__end_of_TMR6_MyInterruptHandler                text76       00389C
__end_of_TMR6_SetInterruptHandler               text16       003B7C
__end_of_TMR6_StartTimer                        text4        003BEE
__end_of___awdiv                                text58       002C9E
__end_of___awmod                                text57       002E10
__end_of___fldiv                                text108      00141C
__end_of___flmul                                text107      0008CA
__end_of___fltol                                text106      002698
__end_of___lwdiv                                text47       003146
__end_of___lwmod                                text46       003220
__end_of___wmul                                 text49       00399C
__end_of___xxtofl                               text105      001A94
__end_of__initialization                        cinit        003374
__end_of_abs                                    text56       00357A
__end_of_atoi                                   text11       002336
__end_of_autor1_56x75                           mediumconst  00CE8D
__end_of_autor2_75x92                           mediumconst  00CE8D
__end_of_dtoa                                   text50       001C36
__end_of_font                                   mediumconst  00FBA5
__end_of_fputc                                  text54       002B0E
__end_of_fputs                                  text53       0034AA
__end_of_isdigit                                text13       003812
__end_of_isspace                                text12       003462
__end_of_lcd_draw_char                          text61       001DC0
__end_of_lcd_draw_line                          text39       001F2C
__end_of_lcd_draw_pixel                         text65       003ACA
[...]
_putch                                          text55       003B56
_read_prec_or_width                             text48       002974
_rxData                                         bssBANK0     0000CD
_s                                              bssBANK0     0000D8
_snprintf                                       text42       002468
_snprintf$3036                                  cstackBANK1  000162
_spi2_configuration                             mediumconst  00FBA5
_string                                         bssBANK1     000110
_strlen                                         text52       003676
_temperatura                                    dataBANK0    0000E8
_timer0ReloadVal                                bssCOMRAM    00005E
_timer1ReloadVal                                bssCOMRAM    00005B
_utoa                                           text45       002698
_vfpfcnvrt                                      text44       000CD4
_vfprintf                                       text43       003220
_width                                          bssBANK0     0000C0
abs@a                                           cstackBANK0  00006C
atoi@n                                          cstackBANK0  000073
atoi@neg                                        cstackBANK0  000071
atoi@s                                          cstackBANK0  00006C
btemp                                           temp         00005F
dtoa@d                                          cstackBANK0  000085
dtoa@fp                                         cstackBANK0  000083
dtoa@i                                          cstackBANK0  00008E
dtoa@p                                          cstackBANK0  000089
dtoa@s                                          cstackBANK0  00008D
dtoa@w                                          cstackBANK0  00008B
end_of_initialization                           cinit        003374
fputc@c                                         cstackBANK0  000068
fputc@fp                                        cstackBANK0  00006A
fputs@c                                         cstackBANK0  000075
fputs@fp                                        cstackBANK0  000073
fputs@i                                         cstackBANK0  000076
fputs@s                                         cstackBANK0  000071
i2___lwdiv                                      text89       003146
i2___lwdiv@counter                              cstackCOMRAM 00000D
i2___lwdiv@dividend                             cstackCOMRAM 000007
i2___lwdiv@divisor                              cstackCOMRAM 000009
i2___lwdiv@quotient                             cstackCOMRAM 00000B
i2___wmul                                       text88       0039EA
i2___wmul@multiplicand                          cstackCOMRAM 000003
i2___wmul@multiplier                            cstackCOMRAM 000001
i2___wmul@product                               cstackCOMRAM 000005
int$flags                                       temp         00005F
int_func                                        intcode_body 002092
intlevel0                                       text         000000
intlevel1                                       text         000000
intlevel2                                       text         000000
intlevel3                                       text         000000
isa$std                                         (abs)        000001
isa$xinst                                       (abs)        000000
isdigit@c                                       cstackBANK0  000066
isspace@c                                       cstackBANK0  000066
lcd_draw_char@bg_color                          cstackBANK0  000077
lcd_draw_char@fIndex                            cstackBANK0  000073
lcd_draw_char@fg_color                          cstackBANK0  000075
lcd_draw_char@i                                 cstackBANK0  000088
lcd_draw_char@j                                 cstackBANK0  000086
lcd_draw_char@k                                 cstackBANK0  000087
lcd_draw_char@x                                 cstackBANK0  00006F
lcd_draw_char@y                                 cstackBANK0  000071
lcd_draw_line@color                             cstackBANK0  00007D
lcd_draw_line@dx                                cstackBANK0  000088
lcd_draw_line@dy                                cstackBANK0  00008A
lcd_draw_line@e2                                cstackBANK0  000086
lcd_draw_line@err                               cstackBANK0  000084
lcd_draw_line@sx                                cstackBANK0  000080
lcd_draw_line@sy                                cstackBANK0  000082
lcd_draw_line@x0                                cstackBANK0  000075
lcd_draw_line@x1                                cstackBANK0  000079
lcd_draw_line@y0                                cstackBANK0  000077
lcd_draw_line@y1                                cstackBANK0  00007B
lcd_draw_pixel@color                            cstackBANK0  000069
lcd_draw_pixel_at@color                         cstackBANK0  000073
lcd_draw_pixel_at@x                             cstackBANK0  00006F
lcd_draw_pixel_at@y                             cstackBANK0  000071
lcd_draw_string@bg_color                        cstackBANK0  000091
lcd_draw_string@fg_color                        cstackBANK0  00008F
lcd_draw_string@k                               cstackBANK0  000096
lcd_draw_string@lIndex                          cstackBANK0  000098
lcd_draw_string@pS                              cstackBANK0  00008D
lcd_draw_string@x                               cstackBANK0  000089
lcd_draw_string@y                               cstackBANK0  00008B
lcd_fill@bg_color                               cstackBANK0  00006F
lcd_fill@height                                 cstackBANK0  000071
lcd_fill@width                                  cstackBANK0  000073
lcd_fill_rect@color                             cstackBANK0  000077
lcd_fill_rect@x0                                cstackBANK0  00006F
lcd_fill_rect@x1                                cstackBANK0  000073
lcd_fill_rect@y0                                cstackBANK0  000071
lcd_fill_rect@y1                                cstackBANK0  000075
lcd_fill_rect@y_start                           cstackBANK0  00007B
lcd_send@dc                                     cstackBANK0  000068
lcd_send@value                                  cstackBANK0  000067
lcd_set_cursor@x                                cstackBANK0  00006B
lcd_set_cursor@y                                cstackBANK0  00006D
lcd_set_cursor_x@x                              cstackBANK0  000069
lcd_set_cursor_y@y                              cstackBANK0  000069
msDelay@k                                       cstackBANK0  000068
msDelay@ms                                      cstackBANK0  000067
pad@buf                                         cstackBANK0  00007A
pad@fp                                          cstackBANK0  000078
pad@i                                           cstackBANK0  00007F
pad@p                                           cstackBANK0  00007C
pad@w                                           cstackBANK0  000081
printf@ap                                       cstackBANK0  0000AB
printf@fmt                                      cstackBANK0  0000A7
putch@txData                                    cstackBANK0  000067
read_prec_or_width@ap                           cstackBANK0  00006E
read_prec_or_width@c                            cstackBANK0  000072
read_prec_or_width@fmt                          cstackBANK0  00006C
read_prec_or_width@n                            cstackBANK0  000073
snprintf@ap                                     cstackBANK1  000166
snprintf@cnt                                    cstackBANK1  000164
snprintf@f                                      cstackBANK1  000168
snprintf@fmt                                    cstackBANK0  0000AB
snprintf@n                                      cstackBANK0  0000A9
snprintf@s                                      cstackBANK0  0000A7
stackhi                                         (abs)        000000
stacklo                                         (abs)        000000
start                                           init         000066
start_initialization                            cinit        003330
strlen@a                                        cstackBANK0  000068
strlen@s                                        cstackBANK0  000066
ttemp5                                          temp         000060
ttemp6                                          temp         000063
ttemp7                                          temp         000067
utoa@d                                          cstackBANK0  000085
utoa@fp                                         cstackBANK0  000083
utoa@i                                          cstackBANK0  00008B
utoa@p                                          cstackBANK0  000089
utoa@w                                          cstackBANK0  000087
vfpfcnvrt@ap                                    cstackBANK0  000094
vfpfcnvrt@c                                     cstackBANK0  00009C
vfpfcnvrt@convarg                               cstackBANK0  000098
vfpfcnvrt@cp                                    cstackBANK0  00009D
vfpfcnvrt@fmt                                   cstackBANK0  000092
vfpfcnvrt@fp                                    cstackBANK0  000090
vfprintf@ap                                     cstackBANK0  0000A3
vfprintf@cfmt                                   cstackBANK0  0000A5
vfprintf@fmt                                    cstackBANK0  0000A1
vfprintf@fp                                     cstackBANK0  00009F
wtemp8                                          temp         000060


MODULE INFORMATION

Module		Function		Class		Link	Load	Size
C:\Program Files\Microchip\xc8\v2.41\pic\sources\c99\common\awmod.c
		___awmod       		CODE           	2D5E	0000	178

C:\Program Files\Microchip\xc8\v2.41\pic\sources\c99\common\awmod.c estimated size: 178

mcc_generated_files/tmr6.c
		_TMR6_CallBack 		CODE           	3840	0000	46
		_TMR6_StartTimer		CODE           	3BE8	0000	6
		_TMR6_ISR      		CODE           	3922	0000	42
		_TMR6_Initialize		CODE           	3A10	0000	36
		_TMR6_SetInterruptHandler		CODE           	3B72	0000	10
		_TMR6_DefaultInterruptHandler		CODE           	3C14	0000	2

mcc_generated_files/tmr6.c estimated size: 142

C:\Program Files\Microchip\xc8\v2.41\pic\sources\c99\common\fltol.c
		___fltol       		CODE           	2592	0000	262

C:\Program Files\Microchip\xc8\v2.41\pic\sources\c99\common\fltol.c estimated size: 262

C:\Program Files\Microchip\xc8\v2.41\pic\sources\c99\common\xxtofl.c
		___xxtofl      		CODE           	18E0	0000	436

C:\Program Files\Microchip\xc8\v2.41\pic\sources\c99\common\xxtofl.c estimated size: 436

mcc_generated_files/tmr2.c
		_TMR2_ISR      		CODE           	3784	0000	48
		_TMR2_Initialize		CODE           	3A58	0000	32
		_TMR2_SetInterruptHandler		CODE           	3B7C	0000	10
		_TMR2_DefaultInterruptHandler		CODE           	3C16	0000	2
		_TMR2_StartTimer		CODE           	3C00	0000	4

mcc_generated_files/tmr2.c estimated size: 96

mcc_generated_files/interrupt_manager.c
		_INTERRUPT_Initialize		CODE           	3B36	0000	18
		_INTERRUPT_InterruptManagerLow		CODE           	0018	0000	78
		_INTERRUPT_InterruptManagerHigh		CODE           	0008	0000	354

mcc_generated_files/interrupt_manager.c estimated size: 450

C:\Program Files\Microchip\xc8\v2.41\pic\sources\c99\common\strlen.c
		_strlen        		CODE           	3676	0000	58

C:\Program Files\Microchip\xc8\v2.41\pic\sources\c99\common\strlen.c estimated size: 58

C:\Program Files\Microchip\xc8\v2.41\pic\sources\c99\common\nf_fputc.c
		_fputc         		CODE           	2A42	0000	204

C:\Program Files\Microchip\xc8\v2.41\pic\sources\c99\common\nf_fputc.c estimated size: 204

mcc_generated_files/tmr0.c
		_TMR0_SetInterruptHandler		CODE           	3B90	0000	10
		_TMR0_DefaultInterruptHandler		CODE           	3C1A	0000	2
		_TMR0_StartTimer		CODE           	3C0C	0000	4
		_TMR0_ISR      		CODE           	371E	0000	52
		_TMR0_Initialize		CODE           	3A34	0000	36

mcc_generated_files/tmr0.c estimated size: 104

C:\Program Files\Microchip\xc8\v2.41\pic\sources\c99\common\isdigit.c
		_isdigit       		CODE           	37E4	0000	46

C:\Program Files\Microchip\xc8\v2.41\pic\sources\c99\common\isdigit.c estimated size: 46

mcc_generated_files/pin_manager.c
		_PIN_MANAGER_Initialize		CODE           	34F2	0000	70

mcc_generated_files/pin_manager.c estimated size: 70

C:\Program Files\Microchip\xc8\v2.41\pic\sources\c99\common\lwdiv.c
		___lwdiv       		CODE           	30D0	0000	118

C:\Program Files\Microchip\xc8\v2.41\pic\sources\c99\common\lwdiv.c estimated size: 118

C:\Program Files\Microchip\xc8\v2.41\pic\sources\c99\common\awdiv.c
		___awdiv       		CODE           	2BD8	0000	198

C:\Program Files\Microchip\xc8\v2.41\pic\sources\c99\common\awdiv.c estimated size: 198

mcc_generated_files/adc.c
		_ADC_DefaultInterruptHandler		CODE           	3C20	0000	2
		_ADC_Initialize		CODE           	39C4	0000	38
		_ADC_SetInterruptHandler		CODE           	3BD6	0000	10
		_ADC_GetConversionResult		CODE           	3B10	0000	20
		_ADC_StartConversion		CODE           	3C10	0000	4
		_ADC_ISR       		CODE           	37B4	0000	48
		_ADC_SelectChannel		CODE           	3AE2	0000	24

mcc_generated_files/adc.c estimated size: 146

C:\Program Files\Microchip\xc8\v2.41\pic\sources\c99\common\abs.c
		_abs           		CODE           	3538	0000	66

C:\Program Files\Microchip\xc8\v2.41\pic\sources\c99\common\abs.c estimated size: 66

C:\Program Files\Microchip\xc8\v2.41\pic\sources\c99\common\doprnt.c
		_read_prec_or_width		CODE           	2974	0000	206
		_vfpfcnvrt     		CODE           	0CD4	0000	942
		_pad           		CODE           	2B0E	0000	202
		_dtoa          		CODE           	1A94	0000	418
		_vfprintf      		CODE           	3220	0000	100
		_utoa          		CODE           	2698	0000	254

C:\Program Files\Microchip\xc8\v2.41\pic\sources\c99\common\doprnt.c estimated size: 2122

C:\Program Files\Microchip\xc8\v2.41\pic\sources\c99\common\atoi.c
		_atoi          		CODE           	21EE	0000	328

C:\Program Files\Microchip\xc8\v2.41\pic\sources\c99\common\atoi.c estimated size: 328

mcc_generated_files/ext_int.c
		_INT0_SetInterruptHandler		CODE           	3B9A	0000	10
		_EXT_INT_Initialize		CODE           	3AFA	0000	22
		_INT0_DefaultInterruptHandler		CODE           	3C1C	0000	2
		_INT0_CallBack 		CODE           	389C	0000	46
		_INT0_ISR      		CODE           	3BE0	0000	8

mcc_generated_files/ext_int.c estimated size: 88

shared
		_autor1_56x75  		MEDIUMCONST    	CE8D	0000	1
		_font          		MEDIUMCONST    	EDCD	0000	3544
		i2___lwdiv     		CODE           	3146	0000	116
		_autor2_75x92  		MEDIUMCONST    	CE8D	0000	1
		i2___wmul      		CODE           	39EA	0000	38
		__initialization		CODE           	3330	0000	68
		_IPL80x80      		MEDIUMCONST    	CE8D	0000	8000
		_spi2_configuration		MEDIUMCONST    	FBA5	0000	4

shared estimated size: 11772

mcc_generated_files/eusart1.c
		_EUSART1_SetRxInterruptHandler		CODE           	3BAE	0000	10
		_EUSART1_SetTxInterruptHandler		CODE           	3BA4	0000	10
		_EUSART1_is_rx_ready		CODE           	3ACA	0000	24
		_EUSART1_Initialize		CODE           	2FD0	0000	128
		_putch         		CODE           	3B56	0000	14
		_EUSART1_DefaultErrorHandler		CODE           	3BF4	0000	6
		_EUSART1_SetFramingErrorHandler		CODE           	3BC2	0000	10
		_EUSART1_Read  		CODE           	32DE	0000	82
		_EUSART1_SetOverrunErrorHandler		CODE           	3BB8	0000	10
		_EUSART1_SetErrorHandler		CODE           	3BCC	0000	10
		_EUSART1_Write 		CODE           	3284	0000	90
		_EUSART1_Receive_ISR		CODE           	2C9E	0000	192
		_EUSART1_RxDataHandler		CODE           	38F6	0000	44
		_EUSART1_DefaultOverrunErrorHandler		CODE           	3BEE	0000	6
		_EUSART1_Transmit_ISR		CODE           	35BC	0000	66
		_EUSART1_DefaultFramingErrorHandler		CODE           	3C1E	0000	2

mcc_generated_files/eusart1.c estimated size: 704

mcc_generated_files/mcc.c
		_OSCILLATOR_Initialize		CODE           	3B48	0000	14
		_SYSTEM_Initialize		CODE           	3812	0000	46

mcc_generated_files/mcc.c estimated size: 60

mcc_generated_files/tmr1.c
		_TMR1_Initialize		CODE           	38CA	0000	44
		_TMR1_SetInterruptHandler		CODE           	3B86	0000	10
		_TMR1_StopTimer		CODE           	3C04	0000	4
		_TMR1_DefaultInterruptHandler		CODE           	3C18	0000	2
		_TMR1_WriteTimer		CODE           	399C	0000	40
		_TMR1_StartTimer		CODE           	3C08	0000	4
		_TMR1_ISR      		CODE           	363A	0000	60

mcc_generated_files/tmr1.c estimated size: 164

C:\Program Files\Microchip\xc8\v2.41\pic\sources\c99\common\Umul16.c
		___wmul        		CODE           	3974	0000	40

C:\Program Files\Microchip\xc8\v2.41\pic\sources\c99\common\Umul16.c estimated size: 40

C:\Program Files\Microchip\xc8\v2.41\pic\sources\c99\common\nf_fputs.c
		_fputs         		CODE           	3462	0000	72

C:\Program Files\Microchip\xc8\v2.41\pic\sources\c99\common\nf_fputs.c estimated size: 72

lib_ili9341.c
		_lcd_send      		CODE           	3A78	0000	30
		_lcd_draw_line 		CODE           	1DC0	0000	364
		_lcd_draw_char 		CODE           	1C36	0000	394
		_lcd_draw_pixel		CODE           	3AB2	0000	24
		_lcd_draw_pixel_at		CODE           	3752	0000	50
		_lcd_set_cursor_x		CODE           	33CC	0000	78
		_lcd_set_cursor_y		CODE           	337E	0000	78
		_lcd_set_cursor		CODE           	357A	0000	66
		_msDelay       		CODE           	36B0	0000	56
		_lcd_draw_string		CODE           	2336	0000	306
		_lcd_fill      		CODE           	2F48	0000	136
		_lcd_fill_rect 		CODE           	288C	0000	232
		_lcd_init      		CODE           	006A	0000	1078

lib_ili9341.c estimated size: 2892

C:\Program Files\Microchip\xc8\v2.41\pic\sources\c99\common\isspace.c
		_isspace       		CODE           	341A	0000	72

C:\Program Files\Microchip\xc8\v2.41\pic\sources\c99\common\isspace.c estimated size: 72

mcc_generated_files/spi2.c
		_SPI2_ExchangeByte		CODE           	3A96	0000	28
		_SPI2_Open     		CODE           	2E10	0000	174
		_SPI2_Initialize		CODE           	3B24	0000	18

mcc_generated_files/spi2.c estimated size: 220

main.c
		_TMR6_MyInterruptHandler		CODE           	386E	0000	46
		_Draw_Interface_Screen		CODE           	16CE	0000	530
		_main          		CODE           	2796	0000	246
		_ShowMenuInTerminal		CODE           	08CA	0000	1034
		_CheckSensores 		CODE           	1F2C	0000	358
		_INT0_MyInterruptHandler		CODE           	3B64	0000	14
		_Draw_Welcome_Screen		CODE           	141C	0000	690
		_TMR0_MyInterruptHandler		CODE           	34AA	0000	72
		_TMR1_MyInterruptHandler		CODE           	36E8	0000	54
		_CheckUSART    		CODE           	3050	0000	128
		_TMR2_MyInterruptHandler		CODE           	35FE	0000	60
		_ADC_MyInterruptHandler		CODE           	2EBE	0000	138

main.c estimated size: 3370

C:\Program Files\Microchip\xc8\v2.41\pic\sources\c99\common\sprcmul.c
		___flmul       		CODE           	04A0	0000	1066

C:\Program Files\Microchip\xc8\v2.41\pic\sources\c99\common\sprcmul.c estimated size: 1066

C:\Program Files\Microchip\xc8\v2.41\pic\sources\c99\common\printf.c
		_printf        		CODE           	394C	0000	40

C:\Program Files\Microchip\xc8\v2.41\pic\sources\c99\common\printf.c estimated size: 40

C:\Program Files\Microchip\xc8\v2.41\pic\sources\c99\common\sprcdiv.c
		___fldiv       		CODE           	1082	0000	922

C:\Program Files\Microchip\xc8\v2.41\pic\sources\c99\common\sprcdiv.c estimated size: 922

C:\Program Files\Microchip\xc8\v2.41\pic\sources\c99\common\nf_snprintf.c
		_snprintf      		CODE           	2468	0000	298

C:\Program Files\Microchip\xc8\v2.41\pic\sources\c99\common\nf_snprintf.c estimated size: 298

C:\Program Files\Microchip\xc8\v2.41\pic\sources\c99\common\lwmod.c
		___lwmod       		CODE           	31BA	0000	102

C:\Program Files\Microchip\xc8\v2.41\pic\sources\c99\common\lwmod.c estimated size: 102

