Microchip MPLAB XC8 Compiler V2.41

Linker command line:

-W-3 \
  --edf=C:\Program Files\Microchip\xc8\v2.41\pic\dat\20230208172133_en.msgs \
  -cn \
  -h+dist/default/production\MiniProjeto_PedroFerreira_BernardoSantos.X.production.sym \
  --cmf=dist/default/production\MiniProjeto_PedroFerreira_BernardoSantos.X.production.cmf \
  -z -Q18F46K22 -oC:\Users\pedro\AppData\Local\Temp\xcAs1rs.\driver_tmp_3.o \
  --defsym=__MPLAB_BUILD=1 --fixupoverflow=error \
  -Mdist/default/production/MiniProjeto_PedroFerreira_BernardoSantos.X.production.map \
  --md=C:\Users\pedro\AppData\Local\Temp\xcAs1rs.\driver_tmp_0.dat -E1 \
  -ver=XC8 Compiler --acfsm=1493 -ACODE=00h-0FFFFh -ACONST=00h-0FFFFh \
  -ASMALLCONST=01000h-010FFhx240 -AMEDIUMCONST=01000h-0FFFFh \
  -ACOMRAM=01h-05Fh -AABS1=00h-0F37h -ABIGRAM=01h-0F37h \
  -ARAM=060h-0FFh,0100h-01FFhx14,0F00h-0F37h -ABANK0=060h-0FFh \
  -ABANK1=0100h-01FFh -ABANK2=0200h-02FFh -ABANK3=0300h-03FFh \
  -ABANK4=0400h-04FFh -ABANK5=0500h-05FFh -ABANK6=0600h-06FFh \
  -ABANK7=0700h-07FFh -ABANK8=0800h-08FFh -ABANK9=0900h-09FFh \
  -ABANK10=0A00h-0AFFh -ABANK11=0B00h-0BFFh -ABANK12=0C00h-0CFFh \
  -ABANK13=0D00h-0DFFh -ABANK14=0E00h-0EFFh -ABANK15=0F00h-0F37h \
  -ASFR=0F38h-0F5Fh,0F60h-0FFFh -ABIGSFR=0F38h-0FFFh \
  -ACONFIG=0300000h-030000Dh -AIDLOC=0200000h-0200007h \
  -AEEDATA=0F00000h-0F003FFh -peeprom_data=EEDATA \
  -preset_vec=00h,intcode=08h,intcodelo=018h,powerup,init -pramtop=01000h \
  -psmallconst=SMALLCONST -pmediumconst=MEDIUMCONST -pconst=CONST \
  -AFARRAM=00h-00h \
  -prdata=COMRAM,nvrram=COMRAM,nvbit=COMRAM,rbss=COMRAM,rbit=COMRAM \
  -pfarbss=FARRAM,fardata=FARRAM,nvFARRAM=FARRAM \
  -pintsave_regs=BIGRAM,bigbss=BIGRAM,bigdata=BIGRAM -pbss=RAM \
  -pidata=CODE,irdata=CODE,ibigdata=CODE,ifardata=CODE -prparam=COMRAM \
  C:\Users\pedro\AppData\Local\Temp\xcAs1rs.\driver_tmp_14.o \
  dist/default/production\MiniProjeto_PedroFerreira_BernardoSantos.X.production.o 

Object code version is 3.11

Machine type is 18F46K22



                Name                               Link     Load   Length Selector   Space Scale
C:\Users\pedro\AppData\Local\Temp\xcAs1rs.\driver_tmp_14.o
                idloc                            200000   200000        8        0       5
                config                           300000   300000        E        0       4
                init                                 66       66        4        C       0
                reset_vec                             0        0        4        0       0
dist/default/production\MiniProjeto_PedroFerreira_BernardoSantos.X.production.o
                intcodelo                            18       18       4E        C       0
                intcode                               8        8        6        4       0
                idloc                            200000   200000        8        0       5
                config                           300000   300000        E        0       4
                temp                                 5F       5F        1        1       1
                mediumconst                        CD54     CD54     32AC     66AA       0
                text116                            3D22     3D22       14        C       0
                text115                            3CF4     3CF4       18        C       0
                text114                            11C2     11C2      39A        C       0
                text113                             9EA      9EA      42A        C       0
                text112                            280E     280E      106        C       0
                text111                            1A28     1A28      1B4        C       0
                text110                            30DE     30DE       8A        C       0
                text109                            3E52     3E52        2     1F17       0
                text108                            39D8     39D8       30        C       0
                text107                            3B1A     3B1A       2C        C       0
                text106                            3E22     3E22        6        C       0
                text105                            3E50     3E50        2     1F17       0
                text104                            3E1C     3E1C        6        C       0
                text103                            2E24     2E24       C0        C       0
                text102                            376E     376E       42        C       0
                text101                            3D86     3D86        E        C       0
                text100                            3E4E     3E4E        2     1F17       0
                text99                             3AC0     3AC0       2E        C       0
                text98                             3E02     3E02        8        C       0
                text97                             3E42     3E42        4     1F17       0
                text96                             2074     2074      166        C       0
                text95                             32E6     32E6       74        C       0
                text94                             3BE4     3BE4       26        C       0
                text93                             347E     347E       5A        C       0
                text92                             3E4C     3E4C        2     1F17       0
                text91                             3942     3942       34        C       0
                text90                             390C     390C       36        C       0
                text89                             3E4A     3E4A        2     1F17       0
                text88                             3B96     3B96       28        C       0
                text87                             3828     3828       3C        C       0
                text86                             37EC     37EC       3C        C       0
                text85                             3E48     3E48        2     1F17       0
                text84                             39A8     39A8       30        C       0
                intcode_body                       21DA     21DA      15C        C       0
                text82                             3A92     3A92       2E        C       0
                text81                             3E46     3E46        2     1F17       0
                text80                             3A64     3A64       2E        C       0
                text79                             3A36     3A36       2E        C       0
                text77                             34D8     34D8       52        C       0
                text76                             3424     3424       5A        C       0
                text75                             3CDC     3CDC       18        C       0
                text74                             3044     3044       9A        C       0
                text73                             3C90     3C90       1C        C       0
                text72                             3C72     3C72       1E        C       0
                text71                             3CC4     3CC4       18        C       0
                text70                             35C6     35C6       4E        C       0
                text69                             3578     3578       4E        C       0
                text68                             372C     372C       42        C       0
                text67                             1D7E     1D7E      18A        C       0
                text66                             25B2     25B2      132        C       0
                text65                             2A12     2A12       E8        C       0
                text64                             2D5E     2D5E       C6        C       0
                text63                             2EE4     2EE4       B2        C       0
                text62                             36EA     36EA       42        C       0
                text61                             3D78     3D78        E        C       0
                text60                             2BC8     2BC8       CC        C       0
                text59                             365C     365C       48        C       0
                text58                             3864     3864       3A        C       0
                text57                             2C94     2C94       CA        C       0
                text56                             1BDC     1BDC      1A2        C       0
                text55                             3B6E     3B6E       28        C       0
                text54                             2AFA     2AFA       CE        C       0
                text53                             3270     3270       76        C       0
                text52                             335A     335A       66        C       0
                text51                             2914     2914       FE        C       0
                text50                              E14      E14      3AE        C       0
                text49                             33C0     33C0       64        C       0
                text48                             26E4     26E4      12A        C       0
                text47                             180E     180E      21A        C       0
                text46                             3976     3976       32        C       0
                text45                             1F08     1F08      16C        C       0
                text44                             155C     155C      2B2        C       0
                text43                             37B0     37B0       3C        C       0
                text42                             2F96     2F96       AE        C       0
                text41                             3DF8     3DF8        A        C       0
                text40                             3BBE     3BBE       26        C       0
                text39                             3DEE     3DEE        A        C       0
                text38                             3DE4     3DE4        A        C       0
                text37                             3DDA     3DDA        A        C       0
                text36                             3DD0     3DD0        A        C       0
                text35                             3DC6     3DC6        A        C       0
                text34                             31F0     31F0       80        C       0
                text33                             3DBC     3DBC        A        C       0
                text32                             3D0C     3D0C       16        C       0
                text31                             3D48     3D48       12        C       0
                text30                             3D6A     3D6A        E        C       0
                text29                             36A4     36A4       46        C       0
                text28                             3CAC     3CAC       18        C       0
                text27                             3D36     3D36       12        C       0
                text26                             3DB2     3DB2        A        C       0
                text25                             3C2E     3C2E       24        C       0
                text24                             3DA8     3DA8        A        C       0
                text23                             3AEE     3AEE       2C        C       0
                text22                             3D9E     3D9E        A        C       0
                text21                             3C52     3C52       20        C       0
                text20                             3D5A     3D5A       10        C       0
                text19                             3D94     3D94        A        C       0
                text18                             3C0A     3C0A       24        C       0
                text17                             38D6     38D6       36        C       0
                text16                             3A08     3A08       2E        C       0
                text15                             3614     3614       48        C       0
                text14                             2336     2336      148        C       0
                text13                             3B46     3B46       28        C       0
                text12                               6A       6A      54A        C       0
                text11                             3E3E     3E3E        4     1F17       0
                text10                             3E3A     3E3A        4     1F17       0
                text9                              3E36     3E36        4     1F17       0
                text8                              3E32     3E32        4     1F17       0
                text7                              3E2E     3E2E        4     1F17       0
                text6                              3E16     3E16        6        C       0
                text5                              3E10     3E10        6        C       0
                text4                              3E0A     3E0A        6        C       0
                text3                              3168     3168       88        C       0
                text2                              389E     389E       38        C       0
                text1                               5B4      5B4      436        C       0
                text0                              247E     247E      134        C       0
                cstackCOMRAM                          1        1       50        1       1
                cstackBANK0                          60       60       56       60       1
                cstackBANK1                         162      162       12      100       1
                bssBANK1                            100      100       62      100       1
                dataBANK0                            E9       E9        5       60       1
                bssBANK0                             B6       B6       27       60       1
                bssCOMRAM                            51       51        E        1       1
                cinit                              352A     352A       4E        C       0
                nvBANK1                             174      174        A      100       1
                nvBANK0                              DD       DD        C       60       1
                idataBANK0                         3E28     3E28        5        C       0

TOTAL           Name                               Link     Load   Length     Space
        CLASS   CODE           
                intcodelo                            18       18       4E         0
                intcode                               8        8        6         0
                init                                 66       66        4         0
                reset_vec                             0        0        4         0
                text116                            3D22     3D22       14         0
                text115                            3CF4     3CF4       18         0
                text114                            11C2     11C2      39A         0
                text113                             9EA      9EA      42A         0
                text112                            280E     280E      106         0
                text111                            1A28     1A28      1B4         0
                text110                            30DE     30DE       8A         0
                text109                            3E52     3E52        2         0
                text108                            39D8     39D8       30         0
                text107                            3B1A     3B1A       2C         0
                text106                            3E22     3E22        6         0
                text105                            3E50     3E50        2         0
                text104                            3E1C     3E1C        6         0
                text103                            2E24     2E24       C0         0
                text102                            376E     376E       42         0
                text101                            3D86     3D86        E         0
                text100                            3E4E     3E4E        2         0
                text99                             3AC0     3AC0       2E         0
                text98                             3E02     3E02        8         0
                text97                             3E42     3E42        4         0
                text96                             2074     2074      166         0
                text95                             32E6     32E6       74         0
                text94                             3BE4     3BE4       26         0
                text93                             347E     347E       5A         0
                text92                             3E4C     3E4C        2         0
                text91                             3942     3942       34         0
                text90                             390C     390C       36         0
                text89                             3E4A     3E4A        2         0
                text88                             3B96     3B96       28         0
                text87                             3828     3828       3C         0
                text86                             37EC     37EC       3C         0
                text85                             3E48     3E48        2         0
                text84                             39A8     39A8       30         0
                intcode_body                       21DA     21DA      15C         0
                text82                             3A92     3A92       2E         0
                text81                             3E46     3E46        2         0
                text80                             3A64     3A64       2E         0
                text79                             3A36     3A36       2E         0
                text77                             34D8     34D8       52         0
                text76                             3424     3424       5A         0
                text75                             3CDC     3CDC       18         0
                text74                             3044     3044       9A         0
                text73                             3C90     3C90       1C         0
                text72                             3C72     3C72       1E         0
                text71                             3CC4     3CC4       18         0
                text70                             35C6     35C6       4E         0
                text69                             3578     3578       4E         0
                text68                             372C     372C       42         0
                text67                             1D7E     1D7E      18A         0
                text66                             25B2     25B2      132         0
                text65                             2A12     2A12       E8         0
                text64                             2D5E     2D5E       C6         0
                text63                             2EE4     2EE4       B2         0
                text62                             36EA     36EA       42         0
                text61                             3D78     3D78        E         0
                text60                             2BC8     2BC8       CC         0
                text59                             365C     365C       48         0
                text58                             3864     3864       3A         0
                text57                             2C94     2C94       CA         0
                text56                             1BDC     1BDC      1A2         0
                text55                             3B6E     3B6E       28         0
                text54                             2AFA     2AFA       CE         0
                text53                             3270     3270       76         0
                text52                             335A     335A       66         0
                text51                             2914     2914       FE         0
                text50                              E14      E14      3AE         0
                text49                             33C0     33C0       64         0
                text48                             26E4     26E4      12A         0
                text47                             180E     180E      21A         0
                text46                             3976     3976       32         0
                text45                             1F08     1F08      16C         0
                text44                             155C     155C      2B2         0
                text43                             37B0     37B0       3C         0
                text42                             2F96     2F96       AE         0
                text41                             3DF8     3DF8        A         0
                text40                             3BBE     3BBE       26         0
                text39                             3DEE     3DEE        A         0
                text38                             3DE4     3DE4        A         0
                text37                             3DDA     3DDA        A         0
                text36                             3DD0     3DD0        A         0
                text35                             3DC6     3DC6        A         0
                text34                             31F0     31F0       80         0
                text33                             3DBC     3DBC        A         0
                text32                             3D0C     3D0C       16         0
                text31                             3D48     3D48       12         0
                text30                             3D6A     3D6A        E         0
                text29                             36A4     36A4       46         0
                text28                             3CAC     3CAC       18         0
                text27                             3D36     3D36       12         0
                text26                             3DB2     3DB2        A         0
                text25                             3C2E     3C2E       24         0
                text24                             3DA8     3DA8        A         0
                text23                             3AEE     3AEE       2C         0
                text22                             3D9E     3D9E        A         0
                text21                             3C52     3C52       20         0
                text20                             3D5A     3D5A       10         0
                text19                             3D94     3D94        A         0
                text18                             3C0A     3C0A       24         0
                text17                             38D6     38D6       36         0
                text16                             3A08     3A08       2E         0
                text15                             3614     3614       48         0
                text14                             2336     2336      148         0
                text13                             3B46     3B46       28         0
                text12                               6A       6A      54A         0
                text11                             3E3E     3E3E        4         0
                text10                             3E3A     3E3A        4         0
                text9                              3E36     3E36        4         0
                text8                              3E32     3E32        4         0
                text7                              3E2E     3E2E        4         0
                text6                              3E16     3E16        6         0
                text5                              3E10     3E10        6         0
                text4                              3E0A     3E0A        6         0
                text3                              3168     3168       88         0
                text2                              389E     389E       38         0
                text1                               5B4      5B4      436         0
                text0                              247E     247E      134         0
                cinit                              352A     352A       4E         0
                idataBANK0                         3E28     3E28        5         0

        CLASS   CONST          

        CLASS   SMALLCONST     

        CLASS   MEDIUMCONST    
                mediumconst                        CD54     CD54     32AC         0

        CLASS   COMRAM         
                temp                                 5F       5F        1         1
                cstackCOMRAM                          1        1       50         1
                bssCOMRAM                            51       51        E         1

        CLASS   ABS1           

        CLASS   BIGRAM         

        CLASS   RAM            

        CLASS   BANK0          
                cstackBANK0                          60       60       56         1
                dataBANK0                            E9       E9        5         1
                bssBANK0                             B6       B6       27         1
                nvBANK0                              DD       DD        C         1

        CLASS   BANK1          
                cstackBANK1                         162      162       12         1
                bssBANK1                            100      100       62         1
                nvBANK1                             174      174        A         1

        CLASS   BANK2          

        CLASS   BANK3          

        CLASS   BANK4          

        CLASS   BANK5          

        CLASS   BANK6          

        CLASS   BANK7          

        CLASS   BANK8          

        CLASS   BANK9          

        CLASS   BANK10         

        CLASS   BANK11         

        CLASS   BANK12         

        CLASS   BANK13         

        CLASS   BANK14         

        CLASS   BANK15         

        CLASS   SFR            

        CLASS   BIGSFR         

        CLASS   CONFIG         
                config                           300000   300000        E         4

        CLASS   IDLOC          
                idloc                            200000   200000        8         5

        CLASS   EEDATA         

        CLASS   FARRAM         

        CLASS   HEAP           

        CLASS   STACK          



SEGMENTS        Name                           Load    Length   Top    Selector   Space  Class

                reset_vec                      000000  000004  000004         0       0  CODE    
                cstackCOMRAM                   000001  00005F  000060         1       1  COMRAM  
                intcode                        000008  000006  00000E         4       0  CODE    
                intcodelo                      000018  003E15  003E2D         C       0  CODE    
                cstackBANK0                    000060  00008E  0000EE        60       1  BANK0   
                bssBANK1                       000100  00007E  00017E       100       1  BANK1   
                text7                          003E2E  000026  003E54      1F17       0  CODE    
                mediumconst                    00CD54  0032AC  010000      66AA       0  MEDIUMCO


UNUSED ADDRESS RANGES

        Name                Unused          Largest block    Delta
        BANK0            0000EE-0000FF               12
        BANK1            00017E-0001FF               82
        BANK10           000A00-000AFF              100
        BANK11           000B00-000BFF              100
        BANK12           000C00-000CFF              100
        BANK13           000D00-000DFF              100
        BANK14           000E00-000EFF              100
        BANK15           000F00-000F37               38
        BANK2            000200-0002FF              100
        BANK3            000300-0003FF              100
        BANK4            000400-0004FF              100
        BANK5            000500-0005FF              100
        BANK6            000600-0006FF              100
        BANK7            000700-0007FF              100
        BANK8            000800-0008FF              100
        BANK9            000900-0009FF              100
        BIGRAM           0000EE-0000FF               12
                         00017E-000F37              DBA
        BIGSFR           000F38-000FFF               C8
        CODE             000004-000007                4
                         00000E-000017                A
                         003E2D-003E2D                1
                         003E54-00CD53             8F00
        CONST            000004-000007                4
                         00000E-000017                A
                         003E2D-003E2D                1
                         003E54-00CD53             8F00
        EEDATA           F00000-F003FF              400
        MEDIUMCONST      003E2D-003E2D                1
                         003E54-00CD53             8F00
        RAM              0000EE-0000FF               12
                         00017E-000F37              100
        SFR              000F38-000FFF               28
        SMALLCONST       003E2D-003E2D                1
                         003E54-00CD53              100

                                  Symbol Table

?_ADC_GetConversionResult                       cstackCOMRAM 000001
?_CheckSensores                                 cstackCOMRAM 000001
?___awdiv                                       cstackBANK0  000066
?___awmod                                       cstackBANK0  000066
?___fldiv                                       cstackCOMRAM 000028
?___flmul                                       cstackCOMRAM 00000F
?___fltol                                       cstackCOMRAM 000041
?___lwdiv                                       cstackBANK0  00006C
?___lwmod                                       cstackBANK0  000066
?___wmul                                        cstackBANK0  000066
?___xxtofl                                      cstackCOMRAM 000001
?_abs                                           cstackBANK0  00006C
?_atoi                                          cstackBANK0  00006C
?_dtoa                                          cstackBANK0  000083
?_isdigit                                       cstackBANK0  000066
?_isspace                                       cstackBANK0  000066
?_pad                                           cstackBANK0  000078
?_printf                                        cstackBANK0  0000A7
?_read_prec_or_width                            cstackBANK0  00006C
?_snprintf                                      cstackBANK0  0000A7
?_strlen                                        cstackBANK0  000066
?_utoa                                          cstackBANK0  000083
?_vfpfcnvrt                                     cstackBANK0  000090
?_vfprintf                                      cstackBANK0  00009F
?i2___lwdiv                                     cstackCOMRAM 000007
?i2___wmul                                      cstackCOMRAM 000001
ADC_SelectChannel@channel                       cstackCOMRAM 000002
ADC_SetInterruptHandler@InterruptHandler        cstackBANK0  000066
CheckSensores@getValueFuncs                     cstackCOMRAM 000005
CheckSensores@i                                 cstackCOMRAM 00001B
CheckSensores@nivel_agua                        cstackCOMRAM 000019
Draw_Interface_Screen@barra_agua                cstackBANK0  0000B2
Draw_Interface_Screen@barra_referencia          cstackBANK0  0000B4
EUSART1_Read@readValue                          cstackBANK0  000066
EUSART1_SetErrorHandler@interruptHandler        cstackBANK0  000066
EUSART1_SetFramingErrorHandler@interruptHandler cstackBANK0  000066
EUSART1_SetOverrunErrorHandler@interruptHandler cstackBANK0  000066
EUSART1_SetRxInterruptHandler@interruptHandler  cstackBANK0  000066
EUSART1_SetTxInterruptHandler@interruptHandler  cstackBANK0  000066
EUSART1_Write@txData                            cstackBANK0  000066
INT0_SetInterruptHandler@InterruptHandler       cstackBANK0  000066
PWM5_LoadDutyValue@dutyValue                    cstackBANK0  000066
SPI2_ExchangeByte@data                          cstackBANK0  000066
SPI2_Open@spi2UniqueConfiguration               cstackBANK0  000067
TMR0_SetInterruptHandler@InterruptHandler       cstackBANK0  000066
TMR1_SetInterruptHandler@InterruptHandler       cstackBANK0  000066
TMR1_WriteTimer@timerVal                        cstackCOMRAM 000001
TMR2_MyInterruptHandler@erro_nivel              cstackCOMRAM 000001
TMR2_SetInterruptHandler@InterruptHandler       cstackBANK0  000066
TMR6_ISR@CountCallBack                          bssBANK0     0000CA
TMR6_SetInterruptHandler@InterruptHandler       cstackBANK0  000066
_ADCON0                                         (abs)        000FC2
_ADCON0bits                                     (abs)        000FC2
_ADCON1                                         (abs)        000FC1
_ADCON2                                         (abs)        000FC0
_ADC_DefaultInterruptHandler                    text109      003E52
_ADC_GetConversionResult                        text116      003D22
_ADC_ISR                                        text108      0039D8
_ADC_Initialize                                 text40       003BBE
_ADC_InterruptHandler                           nvBANK0      0000E7
_ADC_MyInterruptHandler                         text110      0030DE
_ADC_SelectChannel                              text115      003CF4
_ADC_SetInterruptHandler                        text41       003DF8
_ADC_StartConversion                            text97       003E42
_ADRESH                                         (abs)        000FC4
_ADRESL                                         (abs)        000FC3
_ANSELA                                         (abs)        000F38
_ANSELB                                         (abs)        000F39
_ANSELC                                         (abs)        000F3A
_ANSELD                                         (abs)        000F3B
_ANSELE                                         (abs)        000F3C
_BAUDCON1                                       (abs)        000FB8
_BombaLigada                                    bssBANK0     0000D0
_BuzzerLigado                                   bssCOMRAM    00005D
_CCP5CON                                        (abs)        000F54
_CCPR5H                                         (abs)        000F56
_CCPR5L                                         (abs)        000F55
_CCPTMRS1bits                                   (abs)        000F48
_CheckSensores                                  text96       002074
_CheckUSART                                     text74       003044
_Draw_Interface_Screen                          text47       00180E
_Draw_Welcome_Screen                            text44       00155C
_EUSART1_DefaultErrorHandler                    text106      003E22
_EUSART1_DefaultFramingErrorHandler             text105      003E50
_EUSART1_DefaultOverrunErrorHandler             text104      003E1C
_EUSART1_ErrorHandler                           nvBANK1      000174
_EUSART1_FramingErrorHandler                    nvBANK1      000178
_EUSART1_Initialize                             text34       0031F0
_EUSART1_OverrunErrorHandler                    nvBANK1      000176
_EUSART1_Read                                   text77       0034D8
_EUSART1_Receive_ISR                            text103      002E24
_EUSART1_RxDataHandler                          text107      003B1A
_EUSART1_RxDefaultInterruptHandler              nvBANK1      00017A
_EUSART1_SetErrorHandler                        text39       003DEE
_EUSART1_SetFramingErrorHandler                 text38       003DE4
_EUSART1_SetOverrunErrorHandler                 text37       003DDA
_EUSART1_SetRxInterruptHandler                  text36       003DD0
_EUSART1_SetTxInterruptHandler                  text35       003DC6
_EUSART1_Transmit_ISR                           text102      00376E
_EUSART1_TxDefaultInterruptHandler              nvBANK1      00017C
_EUSART1_Write                                  text76       003424
_EUSART1_is_rx_ready                            text75       003CDC
_EXT_INT_Initialize                             text32       003D0C
_INT0_CallBack                                  text99       003AC0
_INT0_DefaultInterruptHandler                   text100      003E4E
_INT0_ISR                                       text98       003E02
_INT0_InterruptHandler                          nvBANK0      0000E5
_INT0_MyInterruptHandler                        text101      003D86
_INT0_SetInterruptHandler                       text33       003DBC
_INTCON2bits                                    (abs)        000FF1
_INTCONbits                                     (abs)        000FF2
_INTERRUPT_Initialize                           text31       003D48
_INTERRUPT_InterruptManagerHigh                 intcode      000008
_INTERRUPT_InterruptManagerLow                  intcodelo    000018
_IPL80x80                                       mediumconst  00CD55
_IPR1bits                                       (abs)        000F9F
_IPR5bits                                       (abs)        000F7F
_LATA                                           (abs)        000F89
_LATB                                           (abs)        000F8A
_LATBbits                                       (abs)        000F8A
_LATC                                           (abs)        000F8B
_LATD                                           (abs)        000F8C
_LATE                                           (abs)        000F8D
_LATEbits                                       (abs)        000F8D
_MecanismoControlo                              bssCOMRAM    000059
_OSCCON                                         (abs)        000FD3
_OSCCON2                                        (abs)        000FD2
_OSCILLATOR_Initialize                          text30       003D6A
_OSCTUNE                                        (abs)        000F9B
_PIE1bits                                       (abs)        000F9D
_PIE5bits                                       (abs)        000F7D
_PIN_MANAGER_Initialize                         text29       0036A4
_PIR1bits                                       (abs)        000F9E
_PIR3bits                                       (abs)        000FA4
_PIR5bits                                       (abs)        000F7E
_PORTCbits                                      (abs)        000F82
_PORTDbits                                      (abs)        000F83
_PR2                                            (abs)        000FBB
_PR4                                            (abs)        000F52
_PR6                                            (abs)        000F4B
_PWM5_Initialize                                text28       003CAC
_PWM5_LoadDutyValue                             text43       0037B0
_RCONbits                                       (abs)        000FD0
_RCREG1                                         (abs)        000FAE
_RCSTA1                                         (abs)        000FAB
_RCSTA1bits                                     (abs)        000FAB
_SPBRG1                                         (abs)        000FAF
_SPBRGH1                                        (abs)        000FB0
_SPI2_ExchangeByte                              text73       003C90
_SPI2_Initialize                                text27       003D36
_SPI2_Open                                      text42       002F96
_SSP2ADD                                        (abs)        000F6E
_SSP2BUF                                        (abs)        000F6F
_SSP2CON1                                       (abs)        000F6C
_SSP2CON1bits                                   (abs)        000F6C
_SSP2CON2                                       (abs)        000F6B
_SSP2STAT                                       (abs)        000F6D
_SSPBUF                                         (abs)        000FC9
_SSPSTATbits                                    (abs)        000FC7
_SYSTEM_Initialize                              text17       0038D6
_ShowMenuInTerminal                             text12       00006A
_SistemaControloLigado                          bssBANK0     0000D1
_T0CON                                          (abs)        000FD5
_T0CONbits                                      (abs)        000FD5
_T1CON                                          (abs)        000FCD
_T1CONbits                                      (abs)        000FCD
_T1GCON                                         (abs)        000FCC
_T1GCONbits                                     (abs)        000FCC
_T2CON                                          (abs)        000FBA
_T2CONbits                                      (abs)        000FBA
_T4CON                                          (abs)        000F51
_T4CONbits                                      (abs)        000F51
_T6CON                                          (abs)        000F4A
_T6CONbits                                      (abs)        000F4A
_TMR0H                                          (abs)        000FD7
_TMR0L                                          (abs)        000FD6
_TMR0_DefaultInterruptHandler                   text92       003E4C
_TMR0_ISR                                       text91       003942
_TMR0_Initialize                                text25       003C2E
_TMR0_InterruptHandler                          nvBANK0      0000E3
_TMR0_MyInterruptHandler                        text93       00347E
_TMR0_SetInterruptHandler                       text26       003DB2
_TMR0_StartTimer                                text11       003E3E
_TMR1                                           (abs)        000FCE
_TMR1H                                          (abs)        000FCF
_TMR1L                                          (abs)        000FCE
_TMR1_DefaultInterruptHandler                   text89       003E4A
_TMR1_ISR                                       text87       003828
_TMR1_Initialize                                text23       003AEE
_TMR1_InterruptHandler                          nvBANK0      0000E1
_TMR1_MyInterruptHandler                        text90       00390C
_TMR1_SetInterruptHandler                       text24       003DA8
_TMR1_StartTimer                                text10       003E3A
_TMR1_StopTimer                                 text9        003E36
_TMR1_WriteTimer                                text88       003B96
_TMR2                                           (abs)        000FBC
_TMR2_DefaultInterruptHandler                   text85       003E48
_TMR2_ISR                                       text84       0039A8
_TMR2_Initialize                                text21       003C52
_TMR2_InterruptHandler                          nvBANK0      0000DD
_TMR2_MyInterruptHandler                        text86       0037EC
_TMR2_SetInterruptHandler                       text22       003D9E
_TMR2_StartTimer                                text8        003E32
_TMR2_StopTimer                                 text7        003E2E
_TMR4                                           (abs)        000F53
_TMR4_Initialize                                text20       003D5A
_TMR4_StartTimer                                text6        003E16
_TMR4_StopTimer                                 text5        003E10
_TMR6                                           (abs)        000F4C
_TMR6_CallBack                                  text80       003A64
_TMR6_DefaultInterruptHandler                   text81       003E46
_TMR6_ISR                                       text79       003A36
_TMR6_Initialize                                text18       003C0A
_TMR6_InterruptHandler                          nvBANK0      0000DF
_TMR6_MyInterruptHandler                        text82       003A92
_TMR6_SetInterruptHandler                       text19       003D94
_TMR6_StartTimer                                text4        003E0A
_TRISA                                          (abs)        000F92
_TRISB                                          (abs)        000F93
_TRISC                                          (abs)        000F94
_TRISD                                          (abs)        000F95
_TRISDbits                                      (abs)        000F95
_TRISE                                          (abs)        000F96
_TXREG1                                         (abs)        000FAD
_TXSTA1                                         (abs)        000FAC
_TXSTA1bits                                     (abs)        000FAC
_UpdateLCD                                      dataBANK0    0000ED
_WPUB                                           (abs)        000F61
__HRAM                                          (abs)        000000
__H__absolute__                                 __absolute__ 000000
__Habs1                                         abs1         000000
__Hbank0                                        bank0        000000
__Hbank1                                        bank1        000000
__Hbank10                                       bank10       000000
__Hbank11                                       bank11       000000
__Hbank12                                       bank12       000000
__Hbank13                                       bank13       000000
__Hbank14                                       bank14       000000
__Hbank15                                       bank15       000000
__Hbank2                                        bank2        000000
__Hbank3                                        bank3        000000
__Hbank4                                        bank4        000000
__Hbank5                                        bank5        000000
__Hbank6                                        bank6        000000
__Hbank7                                        bank7        000000
__Hbank8                                        bank8        000000
__Hbank9                                        bank9        000000
__Hbigbss                                       bigbss       000000
__Hbigdata                                      bigdata      000000
__Hbigram                                       bigram       000000
__Hbigsfr                                       bigsfr       000000
__Hbss                                          bss          000000
__HbssBANK0                                     bssBANK0     000000
__HbssBANK1                                     bssBANK1     000000
__HbssCOMRAM                                    bssCOMRAM    000000
__Hcinit                                        cinit        000000
__Hclrtext                                      clrtext      000000
__Hcomram                                       comram       000000
__Hconfig                                       config       30000E
__Hconst                                        const        000000
__HcstackBANK0                                  cstackBANK0  000000
__HcstackBANK1                                  cstackBANK1  000000
__HcstackCOMRAM                                 cstackCOMRAM 000000
__Hdata                                         data         000000
__HdataBANK0                                    dataBANK0    000000
__Heeprom_data                                  eeprom_data  000000
__Hfarbss                                       farbss       000000
__Hfardata                                      fardata      000000
__Hheap                                         heap         000000
__Hibigdata                                     ibigdata     000000
__Hidata                                        idata        000000
__HidataBANK0                                   idataBANK0   000000
__Hidloc                                        idloc        200008
__Hifardata                                     ifardata     000000
__Hinit                                         init         00006A
__Hintcode                                      intcode      00000E
__Hintcode_body                                 intcode_body 000000
__Hintcodelo                                    intcodelo    000066
__Hintentry                                     intentry     000000
__Hintret                                       intret       000000
__Hintsave_regs                                 intsave_regs 000000
__Hirdata                                       irdata       000000
__Hmediumconst                                  mediumconst  010000
__HnvBANK0                                      nvBANK0      000000
__HnvBANK1                                      nvBANK1      000000
__HnvFARRAM                                     nvFARRAM     000000
__Hnvbit                                        nvbit        000000
__Hnvrram                                       nvrram       000000
__Hparam                                        rparam       000000
__Hpowerup                                      powerup      000066
__Hram                                          ram          000000
__Hramtop                                       ramtop       001000
__Hrbit                                         rbit         000000
__Hrbss                                         rbss         000000
__Hrdata                                        rdata        000000
__Hreset_vec                                    reset_vec    000004
__Hrparam                                       rparam       000000
__Hsfr                                          sfr          000000
__Hsmallconst                                   smallconst   000000
__Hspace_0                                      (abs)        010000
__Hspace_1                                      (abs)        00017E
__Hspace_2                                      (abs)        000000
__Hspace_4                                      (abs)        60000E
__Hstack                                        stack        000000
__Hstruct                                       struct       000000
__Htemp                                         temp         000060
__Htext                                         text         000000
__Htext0                                        text0        000000
__Htext1                                        text1        000000
__Htext10                                       text10       000000
__Htext100                                      text100      000000
__Htext101                                      text101      000000
__Htext102                                      text102      000000
__Htext103                                      text103      000000
__Htext104                                      text104      000000
__Htext105                                      text105      000000
__Htext106                                      text106      000000
__Htext107                                      text107      000000
__Htext108                                      text108      000000
__Htext109                                      text109      000000
__Htext11                                       text11       000000
__Htext110                                      text110      000000
__Htext111                                      text111      000000
__Htext112                                      text112      000000
__Htext113                                      text113      000000
__Htext114                                      text114      000000
__Htext115                                      text115      000000
__Htext116                                      text116      000000
__Htext117                                      text117      000000
__Htext12                                       text12       000000
__Htext13                                       text13       000000
__Htext14                                       text14       000000
__Htext15                                       text15       000000
__Htext16                                       text16       000000
__Htext17                                       text17       000000
__Htext18                                       text18       000000
__Htext19                                       text19       000000
__Htext2                                        text2        000000
__Htext20                                       text20       000000
__Htext21                                       text21       000000
__Htext22                                       text22       000000
__Htext23                                       text23       000000
__Htext24                                       text24       000000
__Htext25                                       text25       000000
__Htext26                                       text26       000000
__Htext27                                       text27       000000
__Htext28                                       text28       000000
__Htext29                                       text29       000000
__Htext3                                        text3        000000
__Htext30                                       text30       000000
__Htext31                                       text31       000000
__Htext32                                       text32       000000
__Htext33                                       text33       000000
__Htext34                                       text34       000000
__Htext35                                       text35       000000
__Htext36                                       text36       000000
__Htext37                                       text37       000000
__Htext38                                       text38       000000
__Htext39                                       text39       000000
__Htext4                                        text4        000000
__Htext40                                       text40       000000
__Htext41                                       text41       000000
__Htext42                                       text42       000000
__Htext43                                       text43       000000
__Htext44                                       text44       000000
__Htext45                                       text45       000000
__Htext46                                       text46       000000
__Htext47                                       text47       000000
__Htext48                                       text48       000000
__Htext49                                       text49       000000
__Htext5                                        text5        000000
__Htext50                                       text50       000000
__Htext51                                       text51       000000
__Htext52                                       text52       000000
__Htext53                                       text53       000000
__Htext54                                       text54       000000
__Htext55                                       text55       000000
__Htext56                                       text56       000000
__Htext57                                       text57       000000
__Htext58                                       text58       000000
__Htext59                                       text59       000000
__Htext6                                        text6        000000
__Htext60                                       text60       000000
__Htext61                                       text61       000000
__Htext62                                       text62       000000
__Htext63                                       text63       000000
__Htext64                                       text64       000000
__Htext65                                       text65       000000
__Htext66                                       text66       000000
__Htext67                                       text67       000000
__Htext68                                       text68       000000
__Htext69                                       text69       000000
__Htext7                                        text7        000000
__Htext70                                       text70       000000
__Htext71                                       text71       000000
__Htext72                                       text72       000000
__Htext73                                       text73       000000
__Htext74                                       text74       000000
__Htext75                                       text75       000000
__Htext76                                       text76       000000
__Htext77                                       text77       000000
__Htext79                                       text79       000000
__Htext8                                        text8        000000
__Htext80                                       text80       000000
__Htext81                                       text81       000000
__Htext82                                       text82       000000
__Htext84                                       text84       000000
__Htext85                                       text85       000000
__Htext86                                       text86       000000
__Htext87                                       text87       000000
__Htext88                                       text88       000000
__Htext89                                       text89       000000
__Htext9                                        text9        000000
__Htext90                                       text90       000000
__Htext91                                       text91       000000
__Htext92                                       text92       000000
__Htext93                                       text93       000000
__Htext94                                       text94       000000
__Htext95                                       text95       000000
__Htext96                                       text96       000000
__Htext97                                       text97       000000
__Htext98                                       text98       000000
__Htext99                                       text99       000000
__LRAM                                          (abs)        000001
__L__absolute__                                 __absolute__ 000000
__Labs1                                         abs1         000000
__Lbank0                                        bank0        000000
__Lbank1                                        bank1        000000
__Lbank10                                       bank10       000000
__Lbank11                                       bank11       000000
__Lbank12                                       bank12       000000
__Lbank13                                       bank13       000000
__Lbank14                                       bank14       000000
__Lbank15                                       bank15       000000
__Lbank2                                        bank2        000000
__Lbank3                                        bank3        000000
__Lbank4                                        bank4        000000
__Lbank5                                        bank5        000000
__Lbank6                                        bank6        000000
__Lbank7                                        bank7        000000
__Lbank8                                        bank8        000000
__Lbank9                                        bank9        000000
__Lbigbss                                       bigbss       000000
__Lbigdata                                      bigdata      000000
__Lbigram                                       bigram       000000
__Lbigsfr                                       bigsfr       000000
__Lbss                                          bss          000000
__LbssBANK0                                     bssBANK0     000000
__LbssBANK1                                     bssBANK1     000000
__LbssCOMRAM                                    bssCOMRAM    000000
__Lcinit                                        cinit        000000
__Lclrtext                                      clrtext      000000
__Lcomram                                       comram       000000
__Lconfig                                       config       000000
__Lconst                                        const        000000
__LcstackBANK0                                  cstackBANK0  000000
__LcstackBANK1                                  cstackBANK1  000000
__LcstackCOMRAM                                 cstackCOMRAM 000000
__Ldata                                         data         000000
__LdataBANK0                                    dataBANK0    000000
__Leeprom_data                                  eeprom_data  000000
__Lfarbss                                       farbss       000000
__Lfardata                                      fardata      000000
__Lheap                                         heap         000000
__Libigdata                                     ibigdata     000000
__Lidata                                        idata        000000
__LidataBANK0                                   idataBANK0   000000
__Lidloc                                        idloc        000000
__Lifardata                                     ifardata     000000
__Linit                                         init         000066
__Lintcode                                      intcode      000008
__Lintcode_body                                 intcode_body 000000
__Lintcodelo                                    intcodelo    000018
__Lintentry                                     intentry     000000
__Lintret                                       intret       000000
__Lintsave_regs                                 intsave_regs 000000
__Lirdata                                       irdata       000000
__Lmediumconst                                  mediumconst  00CD54
__LnvBANK0                                      nvBANK0      000000
__LnvBANK1                                      nvBANK1      000000
__LnvFARRAM                                     nvFARRAM     000000
__Lnvbit                                        nvbit        000000
__Lnvrram                                       nvrram       000000
__Lparam                                        rparam       000000
__Lpowerup                                      powerup      000066
__Lram                                          ram          000000
__Lramtop                                       ramtop       001000
__Lrbit                                         rbit         000000
__Lrbss                                         rbss         000000
__Lrdata                                        rdata        000000
__Lreset_vec                                    reset_vec    000000
__Lrparam                                       rparam       000000
__Lsfr                                          sfr          000000
__Lsmallconst                                   smallconst   000000
__Lspace_0                                      (abs)        000000
__Lspace_1                                      (abs)        000000
__Lspace_2                                      (abs)        000000
__Lspace_4                                      (abs)        000000
__Lstack                                        stack        000000
__Lstruct                                       struct       000000
__Ltemp                                         temp         00005F
__Ltext                                         text         000000
__Ltext0                                        text0        000000
__Ltext1                                        text1        000000
__Ltext10                                       text10       000000
__Ltext100                                      text100      000000
__Ltext101                                      text101      000000
__Ltext102                                      text102      000000
__Ltext103                                      text103      000000
__Ltext104                                      text104      000000
__Ltext105                                      text105      000000
__Ltext106                                      text106      000000
__Ltext107                                      text107      000000
__Ltext108                                      text108      000000
__Ltext109                                      text109      000000
__Ltext11                                       text11       000000
__Ltext110                                      text110      000000
__Ltext111                                      text111      000000
__Ltext112                                      text112      000000
__Ltext113                                      text113      000000
__Ltext114                                      text114      000000
__Ltext115                                      text115      000000
__Ltext116                                      text116      000000
__Ltext117                                      text117      000000
__Ltext12                                       text12       000000
__Ltext13                                       text13       000000
__Ltext14                                       text14       000000
__Ltext15                                       text15       000000
__Ltext16                                       text16       000000
__Ltext17                                       text17       000000
__Ltext18                                       text18       000000
__Ltext19                                       text19       000000
__Ltext2                                        text2        000000
__Ltext20                                       text20       000000
__Ltext21                                       text21       000000
__Ltext22                                       text22       000000
__Ltext23                                       text23       000000
__Ltext24                                       text24       000000
__Ltext25                                       text25       000000
__Ltext26                                       text26       000000
__Ltext27                                       text27       000000
__Ltext28                                       text28       000000
__Ltext29                                       text29       000000
__Ltext3                                        text3        000000
__Ltext30                                       text30       000000
__Ltext31                                       text31       000000
__Ltext32                                       text32       000000
__Ltext33                                       text33       000000
__Ltext34                                       text34       000000
__Ltext35                                       text35       000000
__Ltext36                                       text36       000000
__Ltext37                                       text37       000000
__Ltext38                                       text38       000000
__Ltext39                                       text39       000000
__Ltext4                                        text4        000000
__Ltext40                                       text40       000000
__Ltext41                                       text41       000000
__Ltext42                                       text42       000000
__Ltext43                                       text43       000000
__Ltext44                                       text44       000000
__Ltext45                                       text45       000000
__Ltext46                                       text46       000000
__Ltext47                                       text47       000000
__Ltext48                                       text48       000000
__Ltext49                                       text49       000000
__Ltext5                                        text5        000000
__Ltext50                                       text50       000000
__Ltext51                                       text51       000000
__Ltext52                                       text52       000000
__Ltext53                                       text53       000000
__Ltext54                                       text54       000000
__Ltext55                                       text55       000000
__Ltext56                                       text56       000000
__Ltext57                                       text57       000000
__Ltext58                                       text58       000000
__Ltext59                                       text59       000000
__Ltext6                                        text6        000000
__Ltext60                                       text60       000000
__Ltext61                                       text61       000000
__Ltext62                                       text62       000000
__Ltext63                                       text63       000000
__Ltext64                                       text64       000000
__Ltext65                                       text65       000000
__Ltext66                                       text66       000000
__Ltext67                                       text67       000000
__Ltext68                                       text68       000000
__Ltext69                                       text69       000000
__Ltext7                                        text7        000000
__Ltext70                                       text70       000000
__Ltext71                                       text71       000000
__Ltext72                                       text72       000000
__Ltext73                                       text73       000000
__Ltext74                                       text74       000000
__Ltext75                                       text75       000000
__Ltext76                                       text76       000000
__Ltext77                                       text77       000000
__Ltext79                                       text79       000000
__Ltext8                                        text8        000000
__Ltext80                                       text80       000000
__Ltext81                                       text81       000000
__Ltext82                                       text82       000000
__Ltext84                                       text84       000000
__Ltext85                                       text85       000000
__Ltext86                                       text86       000000
__Ltext87                                       text87       000000
__Ltext88                                       text88       000000
__Ltext89                                       text89       000000
__Ltext9                                        text9        000000
__Ltext90                                       text90       000000
__Ltext91                                       text91       000000
__Ltext92                                       text92       000000
__Ltext93                                       text93       000000
__Ltext94                                       text94       000000
__Ltext95                                       text95       000000
__Ltext96                                       text96       000000
__Ltext97                                       text97       000000
__Ltext98                                       text98       000000
__Ltext99                                       text99       000000
__S0                                            (abs)        010000
__S1                                            (abs)        00017E
__S4                                            (abs)        000000
__S5                                            (abs)        000000
___awdiv                                        text64       002D5E
___awdiv@counter                                cstackBANK0  00006A
___awdiv@dividend                               cstackBANK0  000066
___awdiv@divisor                                cstackBANK0  000068
___awdiv@quotient                               cstackBANK0  00006C
___awdiv@sign                                   cstackBANK0  00006B
___awmod                                        text63       002EE4
___awmod@counter                                cstackBANK0  00006A
___awmod@dividend                               cstackBANK0  000066
___awmod@divisor                                cstackBANK0  000068
___awmod@sign                                   cstackBANK0  00006B
___fldiv                                        text114      0011C2
___fldiv@a                                      cstackCOMRAM 00002C
___fldiv@aexp                                   cstackCOMRAM 000040
___fldiv@b                                      cstackCOMRAM 000028
___fldiv@bexp                                   cstackCOMRAM 00003F
___fldiv@grs                                    cstackCOMRAM 00003B
___fldiv@new_exp                                cstackCOMRAM 000039
___fldiv@rem                                    cstackCOMRAM 000034
___fldiv@sign                                   cstackCOMRAM 000038
___flmul                                        text113      0009EA
___flmul@a                                      cstackCOMRAM 000013
___flmul@aexp                                   cstackCOMRAM 000020
___flmul@b                                      cstackCOMRAM 00000F
___flmul@bexp                                   cstackCOMRAM 000021
___flmul@grs                                    cstackCOMRAM 00001C
___flmul@prod                                   cstackCOMRAM 000022
___flmul@sign                                   cstackCOMRAM 00001B
___flmul@temp                                   cstackCOMRAM 000026
___fltol                                        text112      00280E
___fltol@exp1                                   cstackCOMRAM 00004A
___fltol@f1                                     cstackCOMRAM 000041
___fltol@sign1                                  cstackCOMRAM 000049
___heap_hi                                      (abs)        000000
___heap_lo                                      (abs)        000000
___inthi_sp                                     stack        000000
___intlo_sp                                     stack        000000
___lwdiv                                        text53       003270
___lwdiv@counter                                cstackBANK0  000070
___lwdiv@dividend                               cstackBANK0  00006C
___lwdiv@divisor                                cstackBANK0  00006E
___lwdiv@quotient                               cstackBANK0  000071
___lwmod                                        text52       00335A
___lwmod@counter                                cstackBANK0  00006A
___lwmod@dividend                               cstackBANK0  000066
___lwmod@divisor                                cstackBANK0  000068
___param_bank                                   (abs)        000000
___rparam_used                                  (abs)        000001
___sp                                           stack        000000
___wmul                                         text55       003B6E
___wmul@multiplicand                            cstackBANK0  000068
___wmul@multiplier                              cstackBANK0  000066
___wmul@product                                 cstackBANK0  00006A
___xxtofl                                       text111      001A28
___xxtofl@arg                                   cstackCOMRAM 00000B
___xxtofl@exp                                   cstackCOMRAM 00000A
___xxtofl@sign                                  cstackCOMRAM 000009
___xxtofl@val                                   cstackCOMRAM 000001
__accesstop                                     (abs)        000060
__activetblptr                                  (abs)        000003
__end_of_ADC_DefaultInterruptHandler            text109      003E54
__end_of_ADC_GetConversionResult                text116      003D36
__end_of_ADC_ISR                                text108      003A08
__end_of_ADC_Initialize                         text40       003BE4
__end_of_ADC_MyInterruptHandler                 text110      003168
__end_of_ADC_SelectChannel                      text115      003D0C
__end_of_ADC_SetInterruptHandler                text41       003E02
__end_of_ADC_StartConversion                    text97       003E46
__end_of_CheckSensores                          text96       0021DA
__end_of_CheckUSART                             text74       0030DE
__end_of_Draw_Interface_Screen                  text47       001A28
__end_of_Draw_Welcome_Screen                    text44       00180E
__end_of_EUSART1_DefaultErrorHandler            text106      003E28
__end_of_EUSART1_DefaultFramingErrorHandler     text105      003E52
__end_of_EUSART1_DefaultOverrunErrorHandler     text104      003E22
__end_of_EUSART1_Initialize                     text34       003270
__end_of_EUSART1_Read                           text77       00352A
__end_of_EUSART1_Receive_ISR                    text103      002EE4
__end_of_EUSART1_RxDataHandler                  text107      003B46
__end_of_EUSART1_SetErrorHandler                text39       003DF8
__end_of_EUSART1_SetFramingErrorHandler         text38       003DEE
__end_of_EUSART1_SetOverrunErrorHandler         text37       003DE4
__end_of_EUSART1_SetRxInterruptHandler          text36       003DDA
__end_of_EUSART1_SetTxInterruptHandler          text35       003DD0
__end_of_EUSART1_Transmit_ISR                   text102      0037B0
__end_of_EUSART1_Write                          text76       00347E
__end_of_EUSART1_is_rx_ready                    text75       003CF4
__end_of_EXT_INT_Initialize                     text32       003D22
__end_of_INT0_CallBack                          text99       003AEE
__end_of_INT0_DefaultInterruptHandler           text100      003E50
__end_of_INT0_ISR                               text98       003E0A
__end_of_INT0_MyInterruptHandler                text101      003D94
__end_of_INT0_SetInterruptHandler               text33       003DC6
__end_of_INTERRUPT_Initialize                   text31       003D5A
__end_of_INTERRUPT_InterruptManagerHigh         intcode_body 002336
__end_of_INTERRUPT_InterruptManagerLow          intcodelo    000066
__end_of_IPL80x80                               mediumconst  00EC95
__end_of_OSCILLATOR_Initialize                  text30       003D78
__end_of_PIN_MANAGER_Initialize                 text29       0036EA
__end_of_PWM5_Initialize                        text28       003CC4
__end_of_PWM5_LoadDutyValue                     text43       0037EC
__end_of_SPI2_ExchangeByte                      text73       003CAC
__end_of_SPI2_Initialize                        text27       003D48
__end_of_SPI2_Open                              text42       003044
__end_of_SYSTEM_Initialize                      text17       00390C
__end_of_ShowMenuInTerminal                     text12       0005B4
__end_of_TMR0_DefaultInterruptHandler           text92       003E4E
__end_of_TMR0_ISR                               text91       003976
__end_of_TMR0_Initialize                        text25       003C52
__end_of_TMR0_MyInterruptHandler                text93       0034D8
[...]
_spi2_configuration                             mediumconst  00FA6D
_string                                         bssBANK1     000110
_strlen                                         text58       003864
_temperatura                                    dataBANK0    0000E9
_timer0ReloadVal                                bssCOMRAM    00005E
_timer1ReloadVal                                bssCOMRAM    00005B
_utoa                                           text51       002914
_vfpfcnvrt                                      text50       000E14
_vfprintf                                       text49       0033C0
_width                                          bssBANK0     0000C0
abs@a                                           cstackBANK0  00006C
atoi@n                                          cstackBANK0  000073
atoi@neg                                        cstackBANK0  000071
atoi@s                                          cstackBANK0  00006C
btemp                                           temp         00005F
dtoa@d                                          cstackBANK0  000085
dtoa@fp                                         cstackBANK0  000083
dtoa@i                                          cstackBANK0  00008E
dtoa@p                                          cstackBANK0  000089
dtoa@s                                          cstackBANK0  00008D
dtoa@w                                          cstackBANK0  00008B
end_of_initialization                           cinit        00356E
fputc@c                                         cstackBANK0  000068
fputc@fp                                        cstackBANK0  00006A
fputs@c                                         cstackBANK0  000075
fputs@fp                                        cstackBANK0  000073
fputs@i                                         cstackBANK0  000076
fputs@s                                         cstackBANK0  000071
i2___lwdiv                                      text95       0032E6
i2___lwdiv@counter                              cstackCOMRAM 00000D
i2___lwdiv@dividend                             cstackCOMRAM 000007
i2___lwdiv@divisor                              cstackCOMRAM 000009
i2___lwdiv@quotient                             cstackCOMRAM 00000B
i2___wmul                                       text94       003BE4
i2___wmul@multiplicand                          cstackCOMRAM 000003
i2___wmul@multiplier                            cstackCOMRAM 000001
i2___wmul@product                               cstackCOMRAM 000005
int$flags                                       temp         00005F
int_func                                        intcode_body 0021DA
intlevel0                                       text         000000
intlevel1                                       text         000000
intlevel2                                       text         000000
intlevel3                                       text         000000
isa$std                                         (abs)        000001
isa$xinst                                       (abs)        000000
isdigit@c                                       cstackBANK0  000066
isspace@c                                       cstackBANK0  000066
lcd_draw_char@bg_color                          cstackBANK0  000077
lcd_draw_char@fIndex                            cstackBANK0  000073
lcd_draw_char@fg_color                          cstackBANK0  000075
lcd_draw_char@i                                 cstackBANK0  000088
lcd_draw_char@j                                 cstackBANK0  000086
lcd_draw_char@k                                 cstackBANK0  000087
lcd_draw_char@x                                 cstackBANK0  00006F
lcd_draw_char@y                                 cstackBANK0  000071
lcd_draw_line@color                             cstackBANK0  00007D
lcd_draw_line@dx                                cstackBANK0  000088
lcd_draw_line@dy                                cstackBANK0  00008A
lcd_draw_line@e2                                cstackBANK0  000086
lcd_draw_line@err                               cstackBANK0  000084
lcd_draw_line@sx                                cstackBANK0  000080
lcd_draw_line@sy                                cstackBANK0  000082
lcd_draw_line@x0                                cstackBANK0  000075
lcd_draw_line@x1                                cstackBANK0  000079
lcd_draw_line@y0                                cstackBANK0  000077
lcd_draw_line@y1                                cstackBANK0  00007B
lcd_draw_pixel@color                            cstackBANK0  000069
lcd_draw_pixel_at@color                         cstackBANK0  000073
lcd_draw_pixel_at@x                             cstackBANK0  00006F
lcd_draw_pixel_at@y                             cstackBANK0  000071
lcd_draw_string@bg_color                        cstackBANK0  000091
lcd_draw_string@fg_color                        cstackBANK0  00008F
lcd_draw_string@k                               cstackBANK0  000096
lcd_draw_string@lIndex                          cstackBANK0  000098
lcd_draw_string@pS                              cstackBANK0  00008D
lcd_draw_string@x                               cstackBANK0  000089
lcd_draw_string@y                               cstackBANK0  00008B
lcd_fill@bg_color                               cstackBANK0  00006F
lcd_fill@height                                 cstackBANK0  000071
lcd_fill@width                                  cstackBANK0  000073
lcd_fill_rect@color                             cstackBANK0  000077
lcd_fill_rect@x0                                cstackBANK0  00006F
lcd_fill_rect@x1                                cstackBANK0  000073
lcd_fill_rect@y0                                cstackBANK0  000071
lcd_fill_rect@y1                                cstackBANK0  000075
lcd_fill_rect@y_start                           cstackBANK0  00007B
lcd_send@dc                                     cstackBANK0  000068
lcd_send@value                                  cstackBANK0  000067
lcd_set_cursor@x                                cstackBANK0  00006B
lcd_set_cursor@y                                cstackBANK0  00006D
lcd_set_cursor_x@x                              cstackBANK0  000069
lcd_set_cursor_y@y                              cstackBANK0  000069
msDelay@k                                       cstackBANK0  000068
msDelay@ms                                      cstackBANK0  000067
pad@buf                                         cstackBANK0  00007A
pad@fp                                          cstackBANK0  000078
pad@i                                           cstackBANK0  00007F
pad@p                                           cstackBANK0  00007C
pad@w                                           cstackBANK0  000081
printf@ap                                       cstackBANK0  0000AB
printf@fmt                                      cstackBANK0  0000A7
putch@txData                                    cstackBANK0  000067
read_prec_or_width@ap                           cstackBANK0  00006E
read_prec_or_width@c                            cstackBANK0  000072
read_prec_or_width@fmt                          cstackBANK0  00006C
read_prec_or_width@n                            cstackBANK0  000073
snprintf@ap                                     cstackBANK1  000166
snprintf@cnt                                    cstackBANK1  000164
snprintf@f                                      cstackBANK1  000168
snprintf@fmt                                    cstackBANK0  0000AB
snprintf@n                                      cstackBANK0  0000A9
snprintf@s                                      cstackBANK0  0000A7
stackhi                                         (abs)        000000
stacklo                                         (abs)        000000
start                                           init         000066
start_initialization                            cinit        00352A
strlen@a                                        cstackBANK0  000068
strlen@s                                        cstackBANK0  000066
ttemp5                                          temp         000060
ttemp6                                          temp         000063
ttemp7                                          temp         000067
utoa@d                                          cstackBANK0  000085
utoa@fp                                         cstackBANK0  000083
utoa@i                                          cstackBANK0  00008B
utoa@p                                          cstackBANK0  000089
utoa@w                                          cstackBANK0  000087
vfpfcnvrt@ap                                    cstackBANK0  000094
vfpfcnvrt@c                                     cstackBANK0  00009C
vfpfcnvrt@convarg                               cstackBANK0  000098
vfpfcnvrt@cp                                    cstackBANK0  00009D
vfpfcnvrt@fmt                                   cstackBANK0  000092
vfpfcnvrt@fp                                    cstackBANK0  000090
vfprintf@ap                                     cstackBANK0  0000A3
vfprintf@cfmt                                   cstackBANK0  0000A5
vfprintf@fmt                                    cstackBANK0  0000A1
vfprintf@fp                                     cstackBANK0  00009F
wtemp8                                          temp         000060


MODULE INFORMATION

Module		Function		Class		Link	Load	Size
C:\Program Files\Microchip\xc8\v2.41\pic\sources\c99\common\awmod.c
		___awmod       		CODE           	2EE4	0000	178

C:\Program Files\Microchip\xc8\v2.41\pic\sources\c99\common\awmod.c estimated size: 178

mcc_generated_files/tmr6.c
		_TMR6_CallBack 		CODE           	3A64	0000	46
		_TMR6_StartTimer		CODE           	3E0A	0000	6
		_TMR6_ISR      		CODE           	3A36	0000	46
		_TMR6_Initialize		CODE           	3C0A	0000	36
		_TMR6_SetInterruptHandler		CODE           	3D94	0000	10
		_TMR6_DefaultInterruptHandler		CODE           	3E46	0000	2

mcc_generated_files/tmr6.c estimated size: 146

C:\Program Files\Microchip\xc8\v2.41\pic\sources\c99\common\fltol.c
		___fltol       		CODE           	280E	0000	262

C:\Program Files\Microchip\xc8\v2.41\pic\sources\c99\common\fltol.c estimated size: 262

mcc_generated_files/tmr4.c
		_TMR4_Initialize		CODE           	3D5A	0000	16
		_TMR4_StopTimer		CODE           	3E10	0000	6
		_TMR4_StartTimer		CODE           	3E16	0000	6

mcc_generated_files/tmr4.c estimated size: 28

C:\Program Files\Microchip\xc8\v2.41\pic\sources\c99\common\xxtofl.c
		___xxtofl      		CODE           	1A28	0000	436

C:\Program Files\Microchip\xc8\v2.41\pic\sources\c99\common\xxtofl.c estimated size: 436

mcc_generated_files/tmr2.c
		_TMR2_ISR      		CODE           	39A8	0000	48
		_TMR2_Initialize		CODE           	3C52	0000	32
		_TMR2_SetInterruptHandler		CODE           	3D9E	0000	10
		_TMR2_StopTimer		CODE           	3E2E	0000	4
		_TMR2_DefaultInterruptHandler		CODE           	3E48	0000	2
		_TMR2_StartTimer		CODE           	3E32	0000	4

mcc_generated_files/tmr2.c estimated size: 100

mcc_generated_files/interrupt_manager.c
		_INTERRUPT_Initialize		CODE           	3D48	0000	18
		_INTERRUPT_InterruptManagerLow		CODE           	0018	0000	78
		_INTERRUPT_InterruptManagerHigh		CODE           	0008	0000	354

mcc_generated_files/interrupt_manager.c estimated size: 450

C:\Program Files\Microchip\xc8\v2.41\pic\sources\c99\common\strlen.c
		_strlen        		CODE           	3864	0000	58

C:\Program Files\Microchip\xc8\v2.41\pic\sources\c99\common\strlen.c estimated size: 58

C:\Program Files\Microchip\xc8\v2.41\pic\sources\c99\common\nf_fputc.c
		_fputc         		CODE           	2BC8	0000	204

C:\Program Files\Microchip\xc8\v2.41\pic\sources\c99\common\nf_fputc.c estimated size: 204

mcc_generated_files/tmr0.c
		_TMR0_SetInterruptHandler		CODE           	3DB2	0000	10
		_TMR0_DefaultInterruptHandler		CODE           	3E4C	0000	2
		_TMR0_StartTimer		CODE           	3E3E	0000	4
		_TMR0_ISR      		CODE           	3942	0000	52
		_TMR0_Initialize		CODE           	3C2E	0000	36

mcc_generated_files/tmr0.c estimated size: 104

C:\Program Files\Microchip\xc8\v2.41\pic\sources\c99\common\isdigit.c
		_isdigit       		CODE           	3A08	0000	46

C:\Program Files\Microchip\xc8\v2.41\pic\sources\c99\common\isdigit.c estimated size: 46

mcc_generated_files/pin_manager.c
		_PIN_MANAGER_Initialize		CODE           	36A4	0000	70

mcc_generated_files/pin_manager.c estimated size: 70

C:\Program Files\Microchip\xc8\v2.41\pic\sources\c99\common\lwdiv.c
		___lwdiv       		CODE           	3270	0000	118

C:\Program Files\Microchip\xc8\v2.41\pic\sources\c99\common\lwdiv.c estimated size: 118

C:\Program Files\Microchip\xc8\v2.41\pic\sources\c99\common\awdiv.c
		___awdiv       		CODE           	2D5E	0000	198

C:\Program Files\Microchip\xc8\v2.41\pic\sources\c99\common\awdiv.c estimated size: 198

mcc_generated_files/adc.c
		_ADC_DefaultInterruptHandler		CODE           	3E52	0000	2
		_ADC_Initialize		CODE           	3BBE	0000	38
		_ADC_SetInterruptHandler		CODE           	3DF8	0000	10
		_ADC_GetConversionResult		CODE           	3D22	0000	20
		_ADC_StartConversion		CODE           	3E42	0000	4
		_ADC_ISR       		CODE           	39D8	0000	48
		_ADC_SelectChannel		CODE           	3CF4	0000	24

mcc_generated_files/adc.c estimated size: 146

C:\Program Files\Microchip\xc8\v2.41\pic\sources\c99\common\abs.c
		_abs           		CODE           	36EA	0000	66

C:\Program Files\Microchip\xc8\v2.41\pic\sources\c99\common\abs.c estimated size: 66

C:\Program Files\Microchip\xc8\v2.41\pic\sources\c99\common\doprnt.c
		_read_prec_or_width		CODE           	2AFA	0000	206
		_vfpfcnvrt     		CODE           	0E14	0000	942
		_pad           		CODE           	2C94	0000	202
		_dtoa          		CODE           	1BDC	0000	418
		_vfprintf      		CODE           	33C0	0000	100
		_utoa          		CODE           	2914	0000	254

C:\Program Files\Microchip\xc8\v2.41\pic\sources\c99\common\doprnt.c estimated size: 2122

C:\Program Files\Microchip\xc8\v2.41\pic\sources\c99\common\atoi.c
		_atoi          		CODE           	2336	0000	328

C:\Program Files\Microchip\xc8\v2.41\pic\sources\c99\common\atoi.c estimated size: 328

mcc_generated_files/ext_int.c
		_INT0_SetInterruptHandler		CODE           	3DBC	0000	10
		_EXT_INT_Initialize		CODE           	3D0C	0000	22
		_INT0_DefaultInterruptHandler		CODE           	3E4E	0000	2
		_INT0_CallBack 		CODE           	3AC0	0000	46
		_INT0_ISR      		CODE           	3E02	0000	8

mcc_generated_files/ext_int.c estimated size: 88

shared
		_autor1_56x75  		MEDIUMCONST    	CD55	0000	1
		_font          		MEDIUMCONST    	EC95	0000	3544
		i2___lwdiv     		CODE           	32E6	0000	116
		_autor2_75x92  		MEDIUMCONST    	CD55	0000	1
		i2___wmul      		CODE           	3BE4	0000	38
		__initialization		CODE           	352A	0000	68
		_IPL80x80      		MEDIUMCONST    	CD55	0000	8000
		_spi2_configuration		MEDIUMCONST    	FA6D	0000	4

shared estimated size: 11772

mcc_generated_files/eusart1.c
		_EUSART1_SetRxInterruptHandler		CODE           	3DD0	0000	10
		_EUSART1_SetTxInterruptHandler		CODE           	3DC6	0000	10
		_EUSART1_is_rx_ready		CODE           	3CDC	0000	24
		_EUSART1_Initialize		CODE           	31F0	0000	128
		_putch         		CODE           	3D78	0000	14
		_EUSART1_DefaultErrorHandler		CODE           	3E22	0000	6
		_EUSART1_SetFramingErrorHandler		CODE           	3DE4	0000	10
		_EUSART1_Read  		CODE           	34D8	0000	82
		_EUSART1_SetOverrunErrorHandler		CODE           	3DDA	0000	10
		_EUSART1_SetErrorHandler		CODE           	3DEE	0000	10
		_EUSART1_Write 		CODE           	3424	0000	90
		_EUSART1_Receive_ISR		CODE           	2E24	0000	192
		_EUSART1_RxDataHandler		CODE           	3B1A	0000	44
		_EUSART1_DefaultOverrunErrorHandler		CODE           	3E1C	0000	6
		_EUSART1_Transmit_ISR		CODE           	376E	0000	66
		_EUSART1_DefaultFramingErrorHandler		CODE           	3E50	0000	2

mcc_generated_files/eusart1.c estimated size: 704

mcc_generated_files/pwm5.c
		_PWM5_LoadDutyValue		CODE           	37B0	0000	60
		_PWM5_Initialize		CODE           	3CAC	0000	24

mcc_generated_files/pwm5.c estimated size: 84

mcc_generated_files/mcc.c
		_OSCILLATOR_Initialize		CODE           	3D6A	0000	14
		_SYSTEM_Initialize		CODE           	38D6	0000	54

mcc_generated_files/mcc.c estimated size: 68

mcc_generated_files/tmr1.c
		_TMR1_Initialize		CODE           	3AEE	0000	44
		_TMR1_SetInterruptHandler		CODE           	3DA8	0000	10
		_TMR1_StopTimer		CODE           	3E36	0000	4
		_TMR1_DefaultInterruptHandler		CODE           	3E4A	0000	2
		_TMR1_WriteTimer		CODE           	3B96	0000	40
		_TMR1_StartTimer		CODE           	3E3A	0000	4
		_TMR1_ISR      		CODE           	3828	0000	60

mcc_generated_files/tmr1.c estimated size: 164

C:\Program Files\Microchip\xc8\v2.41\pic\sources\c99\common\Umul16.c
		___wmul        		CODE           	3B6E	0000	40

C:\Program Files\Microchip\xc8\v2.41\pic\sources\c99\common\Umul16.c estimated size: 40

C:\Program Files\Microchip\xc8\v2.41\pic\sources\c99\common\nf_fputs.c
		_fputs         		CODE           	365C	0000	72

C:\Program Files\Microchip\xc8\v2.41\pic\sources\c99\common\nf_fputs.c estimated size: 72

lib_ili9341.c
		_lcd_send      		CODE           	3C72	0000	30
		_lcd_draw_line 		CODE           	1F08	0000	364
		_lcd_draw_char 		CODE           	1D7E	0000	394
		_lcd_draw_pixel		CODE           	3CC4	0000	24
		_lcd_draw_pixel_at		CODE           	3976	0000	50
		_lcd_set_cursor_x		CODE           	35C6	0000	78
		_lcd_set_cursor_y		CODE           	3578	0000	78
		_lcd_set_cursor		CODE           	372C	0000	66
		_msDelay       		CODE           	389E	0000	56
		_lcd_draw_string		CODE           	25B2	0000	306
		_lcd_fill      		CODE           	3168	0000	136
		_lcd_fill_rect 		CODE           	2A12	0000	232
		_lcd_init      		CODE           	05B4	0000	1078

lib_ili9341.c estimated size: 2892

C:\Program Files\Microchip\xc8\v2.41\pic\sources\c99\common\isspace.c
		_isspace       		CODE           	3614	0000	72

C:\Program Files\Microchip\xc8\v2.41\pic\sources\c99\common\isspace.c estimated size: 72

mcc_generated_files/spi2.c
		_SPI2_ExchangeByte		CODE           	3C90	0000	28
		_SPI2_Open     		CODE           	2F96	0000	174
		_SPI2_Initialize		CODE           	3D36	0000	18

mcc_generated_files/spi2.c estimated size: 220

main.c
		_TMR6_MyInterruptHandler		CODE           	3A92	0000	46
		_Draw_Interface_Screen		CODE           	180E	0000	538
		_main          		CODE           	247E	0000	308
		_ShowMenuInTerminal		CODE           	006A	0000	1354
		_CheckSensores 		CODE           	2074	0000	358
		_INT0_MyInterruptHandler		CODE           	3D86	0000	14
		_Draw_Welcome_Screen		CODE           	155C	0000	690
		_TMR0_MyInterruptHandler		CODE           	347E	0000	90
		_TMR1_MyInterruptHandler		CODE           	390C	0000	54
		_CheckUSART    		CODE           	3044	0000	154
		_TMR2_MyInterruptHandler		CODE           	37EC	0000	60
		_ADC_MyInterruptHandler		CODE           	30DE	0000	138

main.c estimated size: 3804

C:\Program Files\Microchip\xc8\v2.41\pic\sources\c99\common\sprcmul.c
		___flmul       		CODE           	09EA	0000	1066

C:\Program Files\Microchip\xc8\v2.41\pic\sources\c99\common\sprcmul.c estimated size: 1066

C:\Program Files\Microchip\xc8\v2.41\pic\sources\c99\common\printf.c
		_printf        		CODE           	3B46	0000	40

C:\Program Files\Microchip\xc8\v2.41\pic\sources\c99\common\printf.c estimated size: 40

C:\Program Files\Microchip\xc8\v2.41\pic\sources\c99\common\sprcdiv.c
		___fldiv       		CODE           	11C2	0000	922

C:\Program Files\Microchip\xc8\v2.41\pic\sources\c99\common\sprcdiv.c estimated size: 922

C:\Program Files\Microchip\xc8\v2.41\pic\sources\c99\common\nf_snprintf.c
		_snprintf      		CODE           	26E4	0000	298

C:\Program Files\Microchip\xc8\v2.41\pic\sources\c99\common\nf_snprintf.c estimated size: 298

C:\Program Files\Microchip\xc8\v2.41\pic\sources\c99\common\lwmod.c
		___lwmod       		CODE           	335A	0000	102

C:\Program Files\Microchip\xc8\v2.41\pic\sources\c99\common\lwmod.c estimated size: 102

